 (295) cpu_start: ELF file SHA256:  84a6f27edaf2d49f...[0m
[0;32mI (301) cpu_start: ESP-IDF:          v5.1.4ï¿½ets Jul 29 2019 12:21:46

rst:0x1 (POWERON_RESET),boot:0x12 (SPI_FAST_FLASH_BOOT)
configsip: 0, SPIWP:0xee
clk_drv:0x00,q_drv:0x00,d_drv:0x00,cs0_drv:0x00,hd_drv:0x00,wp_drv:0x00
mode:DIO, clock div:2
load:0x3fff0030,len:7112
load:0x40078000,len:15624
load:0x40080400,len:4
load:0x40080404,len:3876
entry 0x4008064c
[0;32mI (29) boot: ESP-IDF v5.1.4 2nd stage bootloader[0m
[0;32mI (29) boot: compile time Aug 17 2024 10:42:55[0m
[0;32mI (29) boot: Multicore bootloader[0m
[0;32mI (34) boot: chip revision: v3.1[0m
[0;32mI (37) boot.esp32: SPI Speed      : 40MHz[0m
[0;32mI (42) boot.esp32: SPI Mode       : DIO[0m
[0;32mI (47) boot.esp32: SPI Flash Size : 2MB[0m
[0;32mI (51) boot: Enabling RNG early entropy source...[0m
[0;32mI (57) boot: Partition Table:[0m
[0;32mI (60) boot: ## Label            Usage          Type ST Offset   Length[0m
[0;32mI (67) boot:  0 nvs              WiFi data        01 02 00009000 00006000[0m
[0;32mI (75) boot:  1 phy_init         RF data          01 01 0000f000 00001000[0m
[0;32mI (82) boot:  2 factory          factory app      00 00 00010000 00100000[0m
[0;32mI (90) boot: End of partition table[0m
[0;32mI (94) esp_image: segment 0: paddr=00010020 vaddr=3f400020 size=0f200h ( 61952) map[0m
[0;32mI (125) esp_image: segment 1: paddr=0001f228 vaddr=3ffb0000 size=00df0h (  3568) load[0m
[0;32mI (127) esp_image: segment 2: paddr=00020020 vaddr=400d0020 size=33158h (209240) map[0m
[0;32mI (206) esp_image: segment 3: paddr=00053180 vaddr=3ffb0df0 size=013d0h (  5072) load[0m
[0;32mI (208) esp_image: segment 4: paddr=00054558 vaddr=40080000 size=0d740h ( 55104) load[0m
[0;32mI (242) boot: Loaded app from partition at offset 0x10000[0m
[0;32mI (242) boot: Disabling RNG early entropy source...[0m
[0;32mI (253) cpu_start: Multicore app[0m
[0;32mI (254) cpu_start: Pro cpu up.[0m
[0;32mI (254) cpu_start: Starting app cpu, entry point is 0x40081294[0m
[0;32mI (0) cpu_start: App cpu up.[0m
[0;32mI (274) cpu_start: Pro cpu start user code[0m
[0;32mI (274) cpu_start: cpu freq: 160000000 Hz[0m
[0;32mI (274) cpu_start: Application information:[0m
[0;32mI (278) cpu_start: Project name:     mpu_test[0m
[0;32mI (284) cpu_start: App version:      v2.2-68-g803db2d[0m
[0;32mI (289) cpu_start: Compile time:     Aug 17 2024 10:42:46[0m
[0;32mI (295) cpu_start: ELF file SHA256:  84a6f27edaf2d49f...[0m
[0;32mI (301) cpu_start: ESP-IDF:          v5.1.4[0m
[0;32mI (306) cpu_start: Min chip rev:     v0.0[0m
[0;32mI (311) cpu_start: Max chip rev:     v3.99 [0m
[0;32mI (316) cpu_start: Chip rev:         v3.1[0m
[0;32mI (321) heap_init: Initializing. RAM available for dynamic allocation:[0m
[0;32mI (328) heap_init: At 3FFAE6E0 len 00001920 (6 KiB): DRAM[0m
[0;32mI (334) heap_init: At 3FFBBF18 len 000240E8 (144 KiB): DRAM[0m
[0;32mI (340) heap_init: At 3FFE0440 len 00003AE0 (14 KiB): D/IRAM[0m
[0;32mI (346) heap_init: At 3FFE4350 len 0001BCB0 (111 KiB): D/IRAM[0m
[0;32mI (353) heap_init: At 4008D740 len 000128C0 (74 KiB): IRAM[0m
[0;32mI (360) spi_flash: detected chip: generic[0m
[0;32mI (364) spi_flash: flash io: dio[0m
[0;33mW (367) spi_flash: Detected size(4096k) larger than the size in the binary image header(2048k). Using the size in the binary image header.[0m
[0;32mI (381) app_start: Starting scheduler on CPU0[0m
[0;32mI (386) app_start: Starting scheduler on CPU1[0m
[0;32mI (386) main_task: Started on CPU0[0m
[0;32mI (396) main_task: Calling app_main()[0m
[0;32mI (396) main_task: Returned from app_main()[0m
[0;31mE (396) i2cdev: Could not write to device [0x3c at 1]: -1 (ESP_FAIL)[0m

assert failed: ssd1306_init lvgl_helpers.c:71 (0 == err)


Backtrace: 0x400818fa:0x3ffbfd20 0x40086ad5:0x3ffbfd40 0x4008c389:0x3ffbfd60 0x400d6742:0x3ffbfe80 0x400d6489:0x3ffbfeb0 0x400d5e38:0x3ffbfed0 0x400891d1:0x3ffbff10




ELF file SHA256: 84a6f27edaf2d49f

Rebooting...
ets Jul 29 2019 12:21:46

rst:0xc (SW_CPU_RESET),boot:0x12 (SPI_FAST_FLASH_BOOT)
configsip: 0, SPIWP:0xee
clk_drv:0x00,q_drv:0x00,d_drv:0x00,cs0_drv:0x00,hd_drv:0x00,wp_drv:0x00
mode:DIO, clock div:2
load:0x3fff0030,len:7112
load:0x40078000,len:15624
load:0x40080400,len:4
load:0x40080404,len:3876
entry 0x4008064c
[0;32mI (29) boot: ESP-IDF v5.1.4 2nd stage bootloader[0m
[0;32mI (29) boot: compile time Aug 17 2024 10:42:55[0m
[0;32mI (29) boot: Multicore bootloader[0m
[0;32mI (33) boot: chip revision: v3.1[0m
[0;32mI (37) boot.esp32: SPI Speed      : 40MHz[0m
[0;32mI (42) boot.esp32: SPI Mode       : DIO[0m
[0;32mI (46) boot.esp32: SPI Flash Size : 2MB[0m
[0;32mI (51) boot: Enabling RNG early entropy source...[0m
[0;32mI (56) boot: Partition Table:[0m
[0;32mI (60) boot: ## Label            Usage          Type ST Offset   Length[0m
[0;32mI (67) boot:  0 nvs              WiFi data        01 02 00009000 00006000[0m
[0;32mI (75) boot:  1 phy_init         RF data          01 01 0000f000 00001000[0m
[0;32mI (82) boot:  2 factory          factory app      00 00 00010000 00100000[0m
[0;32mI (90) boot: End of partition table[0m
[0;32mI (94) esp_image: segment 0: paddr=00010020 vaddr=3f400020 size=0f200h ( 61952) map[0m
[0;32mI (125) esp_image: segment 1: paddr=0001f228 vaddr=3ffb0000 size=00df0h (  3568) load[0m
[0;32mI (126) esp_image: segment 2: paddr=00020020 vaddr=400d0020 size=33158h (209240) map[0m
[0;32mI (206) esp_image: segment 3: paddr=00053180 vaddr=3ffb0df0 size=013d0h (  5072) load[0m
[0;32mI (208) esp_image: segment 4: paddr=00054558 vaddr=40080000 size=0d740h ( 55104) load[0m
[0;32mI (242) boot: Loaded app from partition at offset 0x10000[0m
[0;32mI (242) boot: Disabling RNG early entropy source...[0m
[0;32mI (253) cpu_start: Multicore app[0m
[0;32mI (254) cpu_start: Pro cpu up.[0m
[0;32mI (254) cpu_start: Starting app cpu, entry point is 0x40081294[0m
[0;32mI (244) cpu_start: App cpu up.[0m
[0;32mI (274) cpu_start: Pro cpu start user code[0m
[0;32mI (274) cpu_start: cpu freq: 160000000 Hz[0m
[0;32mI (274) cpu_start: Application information:[0m
[0;32mI (279) cpu_start: Project name:     mpu_test[0m
[0;32mI (284) cpu_start: App version:      v2.2-68-g803db2d[0m
[0;32mI (289) cpu_start: Compile time:     Aug 17 2024 10:42:46[0m
[0;32mI (295) cpu_start: ELF file SHA256:  84a6f27edaf2d49f...[0m
[0;32mI (301) cpu_start: ESP-IDF:          v5.1.4[0m
[0;32mI (306) cpu_start: Min chip rev:     v0.0[0m
[0;32mI (311) cpu_start: Max chip rev:     v3.99 [0m
[0;32mI (316) cpu_start: Chip rev:         v3.1[0m
[0;32mI (321) heap_init: Initializing. RAM available for dynamic allocation:[0m
[0;32mI (328) heap_init: At 3FFAE6E0 len 00001920 (6 KiB): DRAM[0m
[0;32mI (334) heap_init: At 3FFBBF18 len 000240E8 (144 KiB): DRAM[0m
[0;32mI (340) heap_init: At 3FFE0440 len 00003AE0 (14 KiB): D/IRAM[0m
[0;32mI (346) heap_init: At 3FFE4350 len 0001BCB0 (111 KiB): D/IRAM[0m
[0;32mI (353) heap_init: At 4008D740 len 000128C0 (74 KiB): IRAM[0m
[0;32mI (361) spi_flash: detected chip: generic[0m
[0;32mI (364) spi_flash: flash io: dio[0m
[0;33mW (368) spi_flash: Detected size(4096k) larger than the size in the binary image header(2048k). Using the size in the binary image header.[0m
[0;32mI (381) app_start: Starting scheduler on CPU0[0m
[0;32mI (386) app_start: Starting scheduler on CPU1[0m
[0;32mI (386) main_task: Started on CPU0[0m
[0;32mI (396) main_task: Calling app_main()[0m
[0;32mI (396) main_task: Returned from app_main()[0m
[0;31mE (396) i2cdev: Could not write to device [0x3c at 1]: -1 (ESP_FAIL)[0m

assert failed: ssd1306_init lvgl_helpers.c:71 (0 == err)


Backtrace: 0x400818fa:0x3ffbfd20 0x40086ad5:0x3ffbfd40 0x4008c389:0x3ffbfd60 0x400d6742:0x3ffbfe80 0x400d6489:0x3ffbfeb0 0x400d5e38:0x3ffbfed0 0x400891d1:0x3ffbff10




ELF file SHA256: 84a6f27edaf2d49f

Rebooting...
ets Jul 29 2019 12:21:46

rst:0xc (SW_CPU_RESET),boot:0x12 (SPI_FAST_FLASH_BOOT)
configsip: 0, SPIWP:0xee
clk_drv:0x00,q_drv:0x00,d_drv:0x00,cs0_drv:0x00,hd_drv:0x00,wp_drv:0x00
mode:DIO, clock div:2
load:0x3fff0030,len:7112
load:0x40078000,len:15624
load:0x40080400,len:4
load:0x40080404,len:3876
entry 0x4008064c
[0;32mI (29) boot: ESP-IDF v5.1.4 2nd stage bootloader[0m
[0;32mI (29) boot: compile time Aug 17 2024 10:42:55[0m
[0;32mI (29) boot: Multicore bootloader[0m
[0;32mI (33) boot: chip revision: v3.1[0m
[0;32mI (37) boot.esp32: SPI Speed      : 40MHz[0m
[0;32mI (42) boot.esp32: SPI Mode       : DIO[0m
[0;32mI (46) boot.esp32: SPI Flash Size : 2MB[0m
[0;32mI (51) boot: Enabling RNG early entropy source...[0m
[0;32mI (56) boot: Partition Table:[0m
[0;32mI (60) boot: ## Label            Usage          Type ST Offset   Length[0m
[0;32mI (67) boot:  0 nvs              WiFi data        01 02 00009000 00006000[0m
[0;32mI (75) boot:  1 phy_init         RF data          01 01 0000f000 00001000[0m
[0;32mI (82) boot:  2 factory          factory app      00 00 00010000 00100000[0m
[0;32mI (90) boot: End of partition table[0m
[0;32mI (94) esp_image: segment 0: paddr=00010020 vaddr=3f400020 size=0f200h ( 61952) map[0m
[0;32mI (125) esp_image: segment 1: paddr=0001f228 vaddr=3ffb0000 size=00df0h (  3568) load[0m
[0;32mI (126) esp_image: segment 2: paddr=00020020 vaddr=400d0020 size=33158h (209240) map[0m
[0;32mI (206) esp_image: segment 3: paddr=00053180 vaddr=3ffb0df0 size=013d0h (  5072) load[0m
[0;32mI (208) esp_image: segment 4: paddr=00054558 vaddr=40080000 size=0d740h ( 55104) load[0m
[0;32mI (242) boot: Loaded app from partition at offset 0x10000[0m
[0;32mI (242) boot: Disabling RNG early entropy source...[0m
[0;32mI (253) cpu_start: Multicore app[0m
[0;32mI (254) cpu_start: Pro cpu up.[0m
[0;32mI (254) cpu_start: Starting app cpu, entry point is 0x40081294[0m
[0;32mI (244) cpu_start: App cpu up.[0m
[0;32mI (274) cpu_start: Pro cpu start user code[0m
[0;32mI (274) cpu_start: cpu freq: 160000000 Hz[0m
[0;32mI (274) cpu_start: Application information:[0m
[0;32mI (279) cpu_start: Project name:     mpu_test[0m
[0;32mI (284) cpu_start: App version:      v2.2-68-g803db2d[0m
[0;32mI (289) cpu_start: Compile time:     Aug 17 2024 10:42:46[0m
[0;32mI (295) cpu_start: ELF file SHA256:  84a6f27edaf2d49f...[0m
[0;32mI (301) cpu_start: ESP-IDF:          v5.1.4[0m
[0;32mI (306) cpu_start: Min chip rev:     v0.0[0m
[0;32mI (311) cpu_start: Max chip rev:     v3.99 [0m
[0;32mI (316) cpu_start: Chip rev:         v3.1[0m
[0;32mI (321) heap_init: Initializing. RAM available for dynamic allocation:[0m
[0;32mI (328) heap_init: At 3FFAE6E0 len 00001920 (6 KiB): DRAM[0m
[0;32mI (334) heap_init: At 3FFBBF18 len 000240E8 (144 KiB): DRAM[0m
[0;32mI (340) heap_init: At 3FFE0440 len 00003AE0 (14 KiB): D/IRAM[0m
[0;32mI (346) heap_init: At 3FFE4350 len 0001BCB0 (111 KiB): D/IRAM[0m
[0;32mI (353) heap_init: At 4008D740 len 000128C0 (74 KiB): IRAM[0m
[0;32mI (361) spi_flash: detected chip: generic[0m
[0;32mI (364) spi_flash: flash io: dio[0m
[0;33mW (368) spi_flash: Detected size(4096k) larger than the size in the binary image header(2048k). Using the size in the binary image header.[0m
[0;32mI (381) app_start: Starting scheduler on CPU0[0m
[0;32mI (386) app_start: Starting scheduler on CPU1[0m
[0;32mI (386) main_task: Started on CPU0[0m
[0;32mI (396) main_task: Calling app_main()[0m
[0;32mI (396) main_task: Returned from app_main()[0m
[0;31mE (396) i2cdev: Could not write to device [0x3c at 1]: -1 (ESP_FAIL)[0m

assert failed: ssd1306_init lvgl_helpers.c:71 (0 == err)


Backtrace: 0x400818fa:0x3ffbfd20 0x40086ad5:0x3ffbfd40 0x4008c389:0x3ffbfd60 0x400d6742:0x3ffbfe80 0x400d6489:0x3ffbfeb0 0x400d5e38:0x3ffbfed0 0x400891d1:0x3ffbff10




ELF file SHA256: 84a6f27edaf2d49f

Rebooting...
ets Jul 29 2019 12:21:46

rst:0xc (SW_CPU_RESET),boot:0x12 (SPI_FAST_FLASH_BOOT)
configsip: 0, SPIWP:0xee
clk_drv:0x00,q_drv:0x00,d_drv:0x00,cs0_drv:0x00,hd_drv:0x00,wp_drv:0x00
mode:DIO, clock div:2
load:0x3fff0030,len:7112
load:0x40078000,len:15624
load:0x40080400,len:4
load:0x40080404,len:3876
entry 0x4008064c
[0;32mI (29) boot: ESP-IDF v5.1.4 2nd stage bootloader[0m
[0;32mI (29) boot: compile time Aug 17 2024 10:42:55[0m
[0;32mI (29) boot: Multicore bootloader[0m
[0;32mI (33) boot: chip revision: v3.1[0m
[0;32mI (37) boot.esp32: SPI Speed      : 40MHz[0m
[0;32mI (42) boot.esp32: SPI Mode       : DIO[0m
[0;32mI (46) boot.esp32: SPI Flash Size : 2MB[0m
[0;32mI (51) boot: Enabling RNG early entropy source...[0m
[0;32mI (56) boot: Partition Table:[0m
[0;32mI (60) boot: ## Label            Usage          Type ST Offset   Length[0m
[0;32mI (67) boot:  0 nvs              WiFi data        01 02 00009000 00006000[0m
[0;32mI (75) boot:  1 phy_init         RF data          01 01 0000f000 00001000[0m
[0;32mI (82) boot:  2 factory          factory app      00 00 00010000 00100000[0m
[0;32mI (90) boot: End of partition table[0m
[0;32mI (94) esp_image: segment 0: paddr=00010020 vaddr=3f400020 size=0f200h ( 61952) map[0m
[0;32mI (125) esp_image: segment 1: paddr=0001f228 vaddr=3ffb0000 size=00df0h (  3568) load[0m
[0;32mI (126) esp_image: segment 2: paddr=00020020 vaddr=400d0020 size=33158h (209240) map[0m
[0;32mI (206) esp_image: segment 3: paddr=00053180 vaddr=3ffb0df0 size=013d0h (  5072) load[0m
[0;32mI (208) esp_image: segment 4: paddr=00054558 vaddr=40080000 size=0d740h ( 55104) load[0m
[0;32mI (242) boot: Loaded app from partition at offset 0x10000[0m
[0;32mI (242) boot: Disabling RNG early entropy source...[0m
[0;32mI (253) cpu_start: Multicore app[0m
[0;32mI (254) cpu_start: Pro cpu up.[0m
[0;32mI (254) cpu_start: Starting app cpu, entry point is 0x40081294[0m
[0;32mI (244) cpu_start: App cpu up.[0m
[0;32mI (274) cpu_start: Pro cpu start user code[0m
[0;32mI (274) cpu_start: cpu freq: 160000000 Hz[0m
[0;32mI (274) cpu_start: Application information:[0m
[0;32mI (279) cpu_start: Project name:     mpu_test[0m
[0;32mI (284) cpu_start: App version:      v2.2-68-g803db2d[0m
[0;32mI (289) cpu_start: Compile time:     Aug 17 2024 10:42:46[0m
[0;32mI (295) cpu_start: ELF file SHA256:  84a6f27edaf2d49f...[0m
[0;32mI (301) cpu_start: ESP-IDF:          v5.1.4[0m
[0;32mI (306) cpu_start: Min chip rev:     v0.0[0m
[0;32mI (311) cpu_start: Max chip rev:     v3.99 [0m
[0;32mI (316) cpu_start: Chip rev:         v3.1[0m
[0;32mI (321) heap_init: Initializing. RAM available for dynamic allocation:[0m
[0;32mI (328) heap_init: At 3FFAE6E0 len 00001920 (6 KiB): DRAM[0m
[0;32mI (334) heap_init: At 3FFBBF18 len 000240E8 (144 KiB): DRAM[0m
[0;32mI (340) heap_init: At 3FFE0440 len 00003AE0 (14 KiB): D/IRAM[0m
[0;32mI (346) heap_init: At 3FFE4350 len 0001BCB0 (111 KiB): D/IRAM[0m
[0;32mI (353) heap_init: At 4008D740 len 000128C0 (74 KiB): IRAM[0m
[0;32mI (361) spi_flash: detected chip: generic[0m
[0;32mI (364) spi_flash: flash io: dio[0m
[0;33mW (368) spi_flash: Detected size(4096k) larger than the size in the binary image header(2048k). Using the size in the binary image header.[0m
[0;32mI (381) app_start: Starting scheduler on CPU0[0m
[0;32mI (386) app_start: Starting scheduler on CPU1[0m
[0;32mI (386) main_task: Started on CPU0[0m
[0;32mI (396) main_task: Calling app_main()[0m
[0;32mI (396) main_task: Returned from app_main()[0m
[0;31mE (396) i2cdev: Could not write to device [0x3c at 1]: -1 (ESP_FAIL)[0m

assert failed: ssd1306_init lvgl_helpers.c:71 (0 == err)


Backtrace: 0x400818fa:0x3ffbfd20 0x40086ad5:0x3ffbfd40 0x4008c389:0x3ffbfd60 0x400d6742:0x3ffbfe80 0x400d6489:0x3ffbfeb0 0x400d5e38:0x3ffbfed0 0x400891d1:0x3ffbff10




ELF file SHA256: 84a6f27edaf2d49f

Rebooting...
ets Jul 29 2019 12:21:46

rst:0xc (SW_CPU_RESET),boot:0x12 (SPI_FAST_FLASH_BOOT)
configsip: 0, SPIWP:0xee
clk_drv:0x00,q_drv:0x00,d_drv:0x00,cs0_drv:0x00,hd_drv:0x00,wp_drv:0x00
mode:DIO, clock div:2
load:0x3fff0030,len:7112
load:0x40078000,len:15624
load:0x40080400,len:4
load:0x40080404,len:3876
entry 0x4008064c
[0;32mI (29) boot: ESP-IDF v5.1.4 2nd stage bootloader[0m
[0;32mI (29) boot: compile time Aug 17 2024 10:42:55[0m
[0;32mI (29) boot: Multicore bootloader[0m
[0;32mI (33) boot: chip revision: v3.1[0m
[0;32mI (37) boot.esp32: SPI Speed      : 40MHz[0m
[0;32mI (42) boot.esp32: SPI Mode       : DIO[0m
[0;32mI (46) boot.esp32: SPI Flash Size : 2MB[0m
[0;32mI (51) boot: Enabling RNG early entropy source...[0m
[0;32mI (56) boot: Partition Table:[0m
[0;32mI (60) boot: ## Label            Usage          Type ST Offset   Length[0m
[0;32mI (67) boot:  0 nvs              WiFi data        01 02 00009000 00006000[0m
[0;32mI (75) boot:  1 phy_init         RF data          01 01 0000f000 00001000[0m
[0;32mI (82) boot:  2 factory          factory app      00 00 00010000 00100000[0m
[0;32mI (90) boot: End of partition table[0m
[0;32mI (94) esp_image: segment 0: paddr=00010020 vaddr=3f400020 size=0f200h ( 61952) map[0m
[0;32mI (125) esp_image: segment 1: paddr=0001f228 vaddr=3ffb0000 size=00df0h (  3568) load[0m
[0;32mI (126) esp_image: segment 2: paddr=00020020 vaddr=400d0020 size=33158h (209240) map[0m
[0;32mI (206) esp_image: segment 3: paddr=00053180 vaddr=3ffb0df0 size=013d0h (  5072) load[0m
[0;32mI (208) esp_image: segment 4: paddr=00054558 vaddr=40080000 size=0d740h ( 55104) load[0m
[0;32mI (242) boot: Loaded app from partition at offset 0x10000[0m
[0;32mI (242) boot: Disabling RNG early entropy source...[0m
[0;32mI (253) cpu_start: Multicore app[0m
[0;32mI (254) cpu_start: Pro cpu up.[0m
[0;32mI (254) cpu_start: Starting app cpu, entry point is 0x40081294[0m
[0;32mI (244) cpu_start: App cpu up.[0m
[0;32mI (274) cpu_start: Pro cpu start user code[0m
[0;32mI (274) cpu_start: cpu freq: 160000000 Hz[0m
[0;32mI (274) cpu_start: Application information:[0m
[0;32mI (279) cpu_start: Project name:     mpu_test[0m
[0;32mI (284) cpu_start: App version:      v2.2-68-g803db2d[0m
[0;32mI (289) cpu_start: Compile time:     Aug 17 2024 10:42:46[0m
[0;32mI (295) cpu_start: ELF file SHA256:  84a6f27edaf2d49f...[0m
[0;32mI (301) cpu_start: ESP-IDF:          v5.1.4[0m
[0;32mI (306) cpu_start: Min chip rev:     v0.0[0m
[0;32mI (311) cpu_start: Max chip rev:     v3.99 [0m
[0;32mI (316) cpu_start: Chip rev:         v3.1[0m
[0;32mI (321) heap_init: Initializing. RAM available for dynamic allocation:[0m
[0;32mI (328) heap_init: At 3FFAE6E0 len 00001920 (6 KiB): DRAM[0m
[0;32mI (334) heap_init: At 3FFBBF18 len 000240E8 (144 KiB): DRAM[0m
[0;32mI (340) heap_init: At 3FFE0440 len 00003AE0 (14 KiB): D/IRAM[0m
[0;32mI (346) heap_init: At 3FFE4350 len 0001BCB0 (111 KiB): D/IRAM[0m
[0;32mI (353) heap_init: At 4008D740 len 000128C0 (74 KiB): IRAM[0m
[0;32mI (361) spi_flash: detected chip: generic[0m
[0;32mI (364) spi_flash: flash io: dio[0m
[0;33mW (368) spi_flash: Detected size(4096k) larger than the size in the binary image header(2048k). Using the size in the binary image header.[0m
[0;32mI (381) app_start: Starting scheduler on CPU0[0m
[0;32mI (386) app_start: Starting scheduler on CPU1[0m
[0;32mI (386) main_task: Started on CPU0[0m
[0;32mI (396) main_task: Calling app_main()[0m
[0;32mI (396) main_task: Returned from app_main()[0m
[0;31mE (396) i2cdev: Could not write to device [0x3c at 1]: -1 (ESP_FAIL)[0m

assert failed: ssd1306_init lvgl_helpers.c:71 (0 == err)


Backtrace: 0x400818fa:0x3ffbfd20 0x40086ad5:0x3ffbfd40 0x4008c389:0x3ffbfd60 0x400d6742:0x3ffbfe80 0x400d6489:0x3ffbfeb0 0x400d5e38:0x3ffbfed0 0x400891d1:0x3ffbff10




ELF file SHA256: 84a6f27edaf2d49f

Rebooting...
ets Jul 29 2019 12:21:46

rst:0xc (SW_CPU_RESET),boot:0x12 (SPI_FAST_FLASH_BOOT)
configsip: 0, SPIWP:0xee
clk_drv:0x00,q_drv:0x00,d_drv:0x00,cs0_drv:0x00,hd_drv:0x00,wp_drv:0x00
mode:DIO, clock div:2
load:0x3fff0030,len:7112
load:0x40078000,len:15624
load:0x40080400,len:4
load:0x40080404,len:3876
entry 0x4008064c
[0;32mI (29) boot: ESP-IDF v5.1.4 2nd stage bootloader[0m
[0;32mI (29) boot: compile time Aug 17 2024 10:42:55[0m
[0;32mI (29) boot: Multicore bootloader[0m
[0;32mI (33) boot: chip revision: v3.1[0m
[0;32mI (37) boot.esp32: SPI Speed      : 40MHz[0m
[0;32mI (42) boot.esp32: SPI Mode       : DIO[0m
[0;32mI (46) boot.esp32: SPI Flash Size : 2MB[0m
[0;32mI (51) boot: Enabling RNG early entropy source...[0m
[0;32mI (56) boot: Partition Table:[0m
[0;32mI (60) boot: ## Label            Usage          Type ST Offset   Length[0m
[0;32mI (67) boot:  0 nvs              WiFi data        01 02 00009000 00006000[0m
[0;32mI (75) boot:  1 phy_init         RF data          01 01 0000f000 00001000[0m
[0;32mI (82) boot:  2 factory          factory app      00 00 00010000 00100000[0m
[0;32mI (90) boot: End of partition table[0m
[0;32mI (94) esp_image: segment 0: paddr=00010020 vaddr=3f400020 size=0f200h ( 61952) map[0m
[0;32mI (125) esp_image: segment 1: paddr=0001f228 vaddr=3ffb0000 size=00df0h (  3568) load[0m
[0;32mI (126) esp_image: segment 2: paddr=00020020 vaddr=400d0020 size=33158h (209240) map[0m
[0;32mI (206) esp_image: segment 3: paddr=00053180 vaddr=3ffb0df0 size=013d0h (  5072) load[0m
[0;32mI (208) esp_image: segment 4: paddr=00054558 vaddr=40080000 size=0d740h ( 55104) load[0m
[0;32mI (242) boot: Loaded app from partition at offset 0x10000[0m
[0;32mI (242) boot: Disabling RNG early entropy source...[0m
[0;32mI (253) cpu_start: Multicore app[0m
[0;32mI (254) cpu_start: Pro cpu up.[0m
[0;32mI (254) cpu_start: Starting app cpu, entry point is 0x40081294[0m
[0;32mI (244) cpu_start: App cpu up.[0m
[0;32mI (274) cpu_start: Pro cpu start user code[0m
[0;32mI (274) cpu_start: cpu freq: 160000000 Hz[0m
[0;32mI (274) cpu_start: Application information:[0m
[0;32mI (279) cpu_start: Project name:     mpu_test[0m
[0;32mI (284) cpu_start: App version:      v2.2-68-g803db2d[0m
[0;32mI (289) cpu_start: Compile time:     Aug 17 2024 10:42:46[0m
[0;32mI (295) cpu_start: ELF file SHA256:  84a6f27edaf2d49f...[0m
[0;32mI (301) cpu_start: ESP-IDF:          v5.1.4[0m
[0;32mI (306) cpu_start: Min chip rev:     v0.0[0m
[0;32mI (311) cpu_start: Max chip rev:     v3.99 [0m
[0;32mI (316) cpu_start: Chip rev:         v3.1[0m
[0;32mI (321) heap_init: Initializing. RAM available for dynamic allocation:[0m
[0;32mI (328) heap_init: At 3FFAE6E0 len 00001920 (6 KiB): DRAM[0m
[0;32mI (334) heap_init: At 3FFBBF18 len 000240E8 (144 KiB): DRAM[0m
[0;32mI (340) heap_init: At 3FFE0440 len 00003AE0 (14 KiB): D/IRAM[0m
[0;32mI (346) heap_init: At 3FFE4350 len 0001BCB0 (111 KiB): D/IRAM[0m
[0;32mI (353) heap_init: At 4008D740 len 000128C0 (74 KiB): IRAM[0m
[0;32mI (361) spi_flash: detected chip: generic[0m
[0;32mI (364) spi_flash: flash io: dio[0m
[0;33mW (368) spi_flash: Detected size(4096k) larger than the size in the binary image header(2048k). Using the size in the binary image header.[0m
[0;32mI (381) app_start: Starting scheduler on CPU0[0m
[0;32mI (386) app_start: Starting scheduler on CPU1[0m
[0;32mI (386) main_task: Started on CPU0[0m
[0;32mI (396) main_task: Calling app_main()[0m
[0;32mI (396) main_task: Returned from app_main()[0m
[0;31mE (396) i2cdev: Could not write to device [0x3c at 1]: -1 (ESP_FAIL)[0m

assert failed: ssd1306_init lvgl_helpers.c:71 (0 == err)


Backtrace: 0x400818fa:0x3ffbfd20 0x40086ad5:0x3ffbfd40 0x4008c389:0x3ffbfd60 0x400d6742:0x3ffbfe80 0x400d6489:0x3ffbfeb0 0x400d5e38:0x3ffbfed0 0x400891d1:0x3ffbff10




ELF file SHA256: 84a6f27edaf2d49f

Rebooting...
ets Jul 29 2019 12:21:46

rst:0xc (SW_CPU_RESET),boot:0x12 (SPI_FAST_FLASH_BOOT)
configsip: 0, SPIWP:0xee
clk_drv:0x00,q_drv:0x00,d_drv:0x00,cs0_drv:0x00,hd_drv:0x00,wp_drv:0x00
mode:DIO, clock div:2
load:0x3fff0030,len:7112
load:0x40078000,len:15624
load:0x40080400,len:4
load:0x40080404,len:3876
entry 0x4008064c
[0;32mI (29) boot: ESP-IDF v5.1.4 2nd stage bootloader[0m
[0;32mI (29) boot: compile time Aug 17 2024 10:42:55[0m
[0;32mI (29) boot: Multicore bootloader[0m
[0;32mI (33) boot: chip revision: v3.1[0m
[0;32mI (37) boot.esp32: SPI Speed      : 40MHz[0m
[0;32mI (42) boot.esp32: SPI Mode       : DIO[0m
[0;32mI (46) boot.esp32: SPI Flash Size : 2MB[0m
[0;32mI (51) boot: Enabling RNG early entropy source...[0m
[0;32mI (56) boot: Partition Table:[0m
[0;32mI (60) boot: ## Label            Usage          Type ST Offset   Length[0m
[0;32mI (67) boot:  0 nvs              WiFi data        01 02 00009000 00006000[0m
[0;32mI (75) boot:  1 phy_init         RF data          01 01 0000f000 00001000[0m
[0;32mI (82) boot:  2 factory          factory app      00 00 00010000 00100000[0m
[0;32mI (90) boot: End of partition table[0m
[0;32mI (94) esp_image: segment 0: paddr=00010020 vaddr=3f400020 size=0f200h ( 61952) map[0m
[0;32mI (125) esp_image: segment 1: paddr=0001f228 vaddr=3ffb0000 size=00df0h (  3568) load[0m
[0;32mI (126) esp_image: segment 2: paddr=00020020 vaddr=400d0020 size=33158h (209240) map[0m
[0;32mI (206) esp_image: segment 3: paddr=00053180 vaddr=3ffb0df0 size=013d0h (  5072) load[0m
[0;32mI (208) esp_image: segment 4: paddr=00054558 vaddr=40080000 size=0d740h ( 55104) load[0m
[0;32mI (242) boot: Loaded app from partition at offset 0x10000[0m
[0;32mI (242) boot: Disabling RNG early entropy source...[0m
[0;32mI (253) cpu_start: Multicore app[0m
[0;32mI (254) cpu_start: Pro cpu up.[0m
[0;32mI (254) cpu_start: Starting app cpu, entry point is 0x40081294[0m
[0;32mI (244) cpu_start: App cpu up.[0m
[0;32mI (274) cpu_start: Pro cpu start user code[0m
[0;32mI (274) cpu_start: cpu freq: 160000000 Hz[0m
[0;32mI (274) cpu_start: Application information:[0m
[0;32mI (279) cpu_start: Project name:     mpu_test[0m
[0;32mI (284) cpu_start: App version:      v2.2-68-g803db2d[0m
[0;32mI (289) cpu_start: Compile time:     Aug 17 2024 10:42:46[0m
[0;32mI (295) cpu_start: ELF file SHA256:  84a6f27edaf2d49f...[0m
[0;32mI (301) cpu_start: ESP-IDF:          v5.1.4[0m
[0;32mI (306) cpu_start: Min chip rev:     v0.0[0m
[0;32mI (311) cpu_start: Max chip rev:     v3.99 [0m
[0;32mI (316) cpu_start: Chip rev:         v3.1[0m
[0;32mI (321) heap_init: Initializing. RAM available for dynamic allocation:[0m
[0;32mI (328) heap_init: At 3FFAE6E0 len 00001920 (6 KiB): DRAM[0m
[0;32mI (334) heap_init: At 3FFBBF18 len 000240E8 (144 KiB): DRAM[0m
[0;32mI (340) heap_init: At 3FFE0440 len 00003AE0 (14 KiB): D/IRAM[0m
[0;32mI (346) heap_init: At 3FFE4350 len 0001BCB0 (111 KiB): D/IRAM[0m
[0;32mI (353) heap_init: At 4008D740 len 000128C0 (74 KiB): IRAM[0m
[0;32mI (361) spi_flash: detected chip: generic[0m
[0;32mI (364) spi_flash: flash io: dio[0m
[0;33mW (368) spi_flash: Detected size(4096k) larger than the size in the binary image header(2048k). Using the size in the binary image header.[0m
[0;32mI (381) app_start: Starting scheduler on CPU0[0m
[0;32mI (386) app_start: Starting scheduler on CPU1[0m
[0;32mI (386) main_task: Started on CPU0[0m
[0;32mI (396) main_task: Calling app_main()[0m
[0;32mI (396) main_task: Returned from app_main()[0m
[0;31mE (396) i2cdev: Could not write to device [0x3c at 1]: -1 (ESP_FAIL)[0m

assert failed: ssd1306_init lvgl_helpers.c:71 (0 == err)


Backtrace: 0x400818fa:0x3ffbfd20 0x40086ad5:0x3ffbfd40 0x4008c389:0x3ffbfd60 0x400d6742:0x3ffbfe80 0x400d6489:0x3ffbfeb0 0x400d5e38:0x3ffbfed0 0x400891d1:0x3ffbff10




ELF file SHA256: 84a6f27edaf2d49f

Rebooting...
ets Jul 29 2019 12:21:46

rst:0xc (SW_CPU_RESET),boot:0x12 (SPI_FAST_FLASH_BOOT)
configsip: 0, SPIWP:0xee
clk_drv:0x00,q_drv:0x00,d_drv:0x00,cs0_drv:0x00,hd_drv:0x00,wp_drv:0x00
mode:DIO, clock div:2
load:0x3fff0030,len:7112
load:0x40078000,len:15624
load:0x40080400,len:4
load:0x40080404,len:3876
entry 0x4008064c
[0;32mI (29) boot: ESP-IDF v5.1.4 2nd stage bootloader[0m
[0;32mI (29) boot: compile time Aug 17 2024 10:42:55[0m
[0;32mI (29) boot: Multicore bootloader[0m
[0;32mI (33) boot: chip revision: v3.1[0m
[0;32mI (37) boot.esp32: SPI Speed      : 40MHz[0m
[0;32mI (42) boot.esp32: SPI Mode       : DIO[0m
[0;32mI (46) boot.esp32: SPI Flash Size : 2MB[0m
[0;32mI (51) boot: Enabling RNG early entropy source...[0m
[0;32mI (56) boot: Partition Table:[0m
[0;32mI (60) boot: ## Label            Usage          Type ST Offset   Length[0m
[0;32mI (67) boot:  0 nvs              WiFi data        01 02 00009000 00006000[0m
[0;32mI (75) boot:  1 phy_init         RF data          01 01 0000f000 00001000[0m
[0;32mI (82) boot:  2 factory          factory app      00 00 00010000 00100000[0m
[0;32mI (90) boot: End of partition table[0m
[0;32mI (94) esp_image: segment 0: paddr=00010020 vaddr=3f400020 size=0f200h ( 61952) map[0m
[0;32mI (125) esp_image: segment 1: paddr=0001f228 vaddr=3ffb0000 size=00df0h (  3568) load[0m
[0;32mI (126) esp_image: segment 2: paddr=00020020 vaddr=400d0020 size=33158h (209240) map[0m
[0;32mI (206) esp_image: segment 3: paddr=00053180 vaddr=3ffb0df0 size=013d0h (  5072) load[0m
[0;32mI (208) esp_image: segment 4: paddr=00054558 vaddr=40080000 size=0d740h ( 55104) load[0m
[0;32mI (242) boot: Loaded app from partition at offset 0x10000[0m
[0;32mI (242) boot: Disabling RNG early entropy source...[0m
[0;32mI (253) cpu_start: Multicore app[0m
[0;32mI (254) cpu_start: Pro cpu up.[0m
[0;32mI (254) cpu_start: Starting app cpu, entry point is 0x40081294[0m
[0;32mI (244) cpu_start: App cpu up.[0m
[0;32mI (274) cpu_start: Pro cpu start user code[0m
[0;32mI (274) cpu_start: cpu freq: 160000000 Hz[0m
[0;32mI (274) cpu_start: Application information:[0m
[0;32mI (279) cpu_start: Project name:     mpu_test[0m
[0;32mI (284) cpu_start: App version:      v2.2-68-g803db2d[0m
[0;32mI (289) cpu_start: Compile time:     Aug 17 2024 10:42:46[0m
[0;32mI (295) cpu_start: ELF file SHA256:  84a6f27edaf2d49f...[0m
[0;32mI (301) cpu_start: ESP-IDF:          v5.1.4[0m
[0;32mI (306) cpu_start: Min chip rev:     v0.0[0m
[0;32mI (311) cpu_start: Max chip rev:     v3.99 [0m
[0;32mI (316) cpu_start: Chip rev:         v3.1[0m
[0;32mI (321) heap_init: Initializing. RAM available for dynamic allocation:[0m
[0;32mI (328) heap_init: At 3FFAE6E0 len 00001920 (6 KiB): DRAM[0m
[0;32mI (334) heap_init: At 3FFBBF18 len 000240E8 (144 KiB): DRAM[0m
[0;32mI (340) heap_init: At 3FFE0440 len 00003AE0 (14 KiB): D/IRAM[0m
[0;32mI (346) heap_init: At 3FFE4350 len 0001BCB0 (111 KiB): D/IRAM[0m
[0;32mI (353) heap_init: At 4008D740 len 000128C0 (74 KiB): IRAM[0m
[0;32mI (361) spi_flash: detected chip: generic[0m
[0;32mI (364) spi_flash: flash io: dio[0m
[0;33mW (368) spi_flash: Detected size(4096k) larger than the size in the binary image header(2048k). Using the size in the binary image header.[0m
[0;32mI (381) app_start: Starting scheduler on CPU0[0m
[0;32mI (386) app_start: Starting scheduler on CPU1[0m
[0;32mI (386) main_task: Started on CPU0[0m
[0;32mI (396) main_task: Calling app_main()[0m
[0;32mI (396) main_task: Returned from app_main()[0m
[0;31mE (396) i2cdev: Could not write to device [0x3c at 1]: -1 (ESP_FAIL)[0m

assert failed: ssd1306_init lvgl_helpers.c:71 (0 == err)


Backtrace: 0x400818fa:0x3ffbfd20 0x40086ad5:0x3ffbfd40 0x4008c389:0x3ffbfd60 0x400d6742:0x3ffbfe80 0x400d6489:0x3ffbfeb0 0x400d5e38:0x3ffbfed0 0x400891d1:0x3ffbff10




ELF file SHA256: 84a6f27edaf2d49f

Rebooting...
ets Jul 29 2019 12:21:46

rst:0xc (SW_CPU_RESET),boot:0x12 (SPI_FAST_FLASH_BOOT)
configsip: 0, SPIWP:0xee
clk_drv:0x00,q_drv:0x00,d_drv:0x00,cs0_drv:0x00,hd_drv:0x00,wp_drv:0x00
mode:DIO, clock div:2
load:0x3fff0030,len:7112
load:0x40078000,len:15624
load:0x40080400,len:4
load:0x40080404,len:3876
entry 0x4008064c
[0;32mI (29) boot: ESP-IDF v5.1.4 2nd stage bootloader[0m
[0;32mI (29) boot: compile time Aug 17 2024 10:42:55[0m
[0;32mI (29) boot: Multicore bootloader[0m
[0;32mI (33) boot: chip revision: v3.1[0m
[0;32mI (37) boot.esp32: SPI Speed      : 40MHz[0m
[0;32mI (42) boot.esp32: SPI Mode       : DIO[0m
[0;32mI (46) boot.esp32: SPI Flash Size : 2MB[0m
[0;32mI (51) boot: Enabling RNG early entropy source...[0m
[0;32mI (56) boot: Partition Table:[0m
[0;32mI (60) boot: ## Label            Usage          Type ST Offset   Length[0m
[0;32mI (67) boot:  0 nvs              WiFi data        01 02 00009000 00006000[0m
[0;32mI (75) boot:  1 phy_init         RF data          01 01 0000f000 00001000[0m
[0;32mI (82) boot:  2 factory          factory app      00 00 00010000 00100000[0m
[0;32mI (90) boot: End of partition table[0m
[0;32mI (94) esp_image: segment 0: paddr=00010020 vaddr=3f400020 size=0f200h ( 61952) map[0m
[0;32mI (125) esp_image: segment 1: paddr=0001f228 vaddr=3ffb0000 size=00df0h (  3568) load[0m
[0;32mI (126) esp_image: segment 2: paddr=00020020 vaddr=400d0020 size=33158h (209240) map[0m
[0;32mI (206) esp_image: segment 3: paddr=00053180 vaddr=3ffb0df0 size=013d0h (  5072) load[0m
[0;32mI (208) esp_image: segment 4: paddr=00054558 vaddr=40080000 size=0d740h ( 55104) load[0m
[0;32mI (242) boot: Loaded app from partition at offset 0x10000[0m
[0;32mI (242) boot: Disabling RNG early entropy source...[0m
[0;32mI (253) cpu_start: Multicore app[0m
[0;32mI (254) cpu_start: Pro cpu up.[0m
[0;32mI (254) cpu_start: Starting app cpu, entry point is 0x40081294[0m
[0;32mI (244) cpu_start: App cpu up.[0m
[0;32mI (274) cpu_start: Pro cpu start user code[0m
[0;32mI (274) cpu_start: cpu freq: 160000000 Hz[0m
[0;32mI (274) cpu_start: Application information:[0m
[0;32mI (279) cpu_start: Project name:     mpu_test[0m
[0;32mI (284) cpu_start: App version:      v2.2-68-g803db2d[0m
[0;32mI (289) cpu_start: Compile time:     Aug 17 2024 10:42:46[0m
[0;32mI (295) cpu_start: ELF file SHA256:  84a6f27edaf2d49f...[0m
[0;32mI (301) cpu_start: ESP-IDF:          v5.1.4[0m
[0;32mI (306) cpu_start: Min chip rev:     v0.0[0m
[0;32mI (311) cpu_start: Max chip rev:     v3.99 [0m
[0;32mI (316) cpu_start: Chip rev:         v3.1[0m
[0;32mI (321) heap_init: Initializing. RAM available for dynamic allocation:[0m
[0;32mI (328) heap_init: At 3FFAE6E0 len 00001920 (6 KiB): DRAM[0m
[0;32mI (334) heap_init: At 3FFBBF18 len 000240E8 (144 KiB): DRAM[0m
[0;32mI (340) heap_init: At 3FFE0440 len 00003AE0 (14 KiB): D/IRAM[0m
[0;32mI (346) heap_init: At 3FFE4350 len 0001BCB0 (111 KiB): D/IRAM[0m
[0;32mI (353) heap_init: At 4008D740 len 000128C0 (74 KiB): IRAM[0m
[0;32mI (361) spi_flash: detected chip: generic[0m
[0;32mI (364) spi_flash: flash io: dio[0m
[0;33mW (368) spi_flash: Detected size(4096k) larger than the size in the binary image header(2048k). Using the size in the binary image header.[0m
[0;32mI (381) app_start: Starting scheduler on CPU0[0m
[0;32mI (386) app_start: Starting scheduler on CPU1[0m
[0;32mI (386) main_task: Started on CPU0[0m
[0;32mI (396) main_task: Calling app_main()[0m
[0;32mI (396) main_task: Returned from app_main()[0m
[0;31mE (396) i2cdev: Could not write to device [0x3c at 1]: -1 (ESP_FAIL)[0m

assert failed: ssd1306_init lvgl_helpers.c:71 (0 == err)


Backtrace: 0x400818fa:0x3ffbfd20 0x40086ad5:0x3ffbfd40 0x4008c389:0x3ffbfd60 0x400d6742:0x3ffbfe80 0x400d6489:0x3ffbfeb0 0x400d5e38:0x3ffbfed0 0x400891d1:0x3ffbff10




ELF file SHA256: 84a6f27edaf2d49f

Rebooting...
ets Jul 29 2019 12:21:46

rst:0xc (SW_CPU_RESET),boot:0x12 (SPI_FAST_FLASH_BOOT)
configsip: 0, SPIWP:0xee
clk_drv:0x00,q_drv:0x00,d_drv:0x00,cs0_drv:0x00,hd_drv:0x00,wp_drv:0x00
mode:DIO, clock div:2
load:0x3fff0030,len:7112
load:0x40078000,len:15624
load:0x40080400,len:4
load:0x40080404,len:3876
entry 0x4008064c
[0;32mI (29) boot: ESP-IDF v5.1.4 2nd stage bootloader[0m
[0;32mI (29) boot: compile time Aug 17 2024 10:42:55[0m
[0;32mI (29) boot: Multicore bootloader[0m
[0;32mI (33) boot: chip revision: v3.1[0m
[0;32mI (37) boot.esp32: SPI Speed      : 40MHz[0m
[0;32mI (42) boot.esp32: SPI Mode       : DIO[0m
[0;32mI (46) boot.esp32: SPI Flash Size : 2MB[0m
[0;32mI (51) boot: Enabling RNG early entropy source...[0m
[0;32mI (56) boot: Partition Table:[0m
[0;32mI (60) boot: ## Label            Usage          Type ST Offset   Length[0m
[0;32mI (67) boot:  0 nvs              WiFi data        01 02 00009000 00006000[0m
[0;32mI (75) boot:  1 phy_init         RF data          01 01 0000f000 00001000[0m
[0;32mI (82) boot:  2 factory          factory app      00 00 00010000 00100000[0m
[0;32mI (90) boot: End of partition table[0m
[0;32mI (94) esp_image: segment 0: paddr=00010020 vaddr=3f400020 size=0f200h ( 61952) map[0m
[0;32mI (125) esp_image: segment 1: paddr=0001f228 vaddr=3ffb0000 size=00df0h (  3568) load[0m
[0;32mI (126) esp_image: segment 2: paddr=00020020 vaddr=400d0020 size=33158h (209240) map[0m
[0;32mI (206) esp_image: segment 3: paddr=00053180 vaddr=3ffb0df0 size=013d0h (  5072) load[0m
[0;32mI (208) esp_image: segment 4: paddr=00054558 vaddr=40080000 size=0d740h ( 55104) load[0m
[0;32mI (242) boot: Loaded app from partition at offset 0x10000[0m
[0;32mI (242) boot: Disabling RNG early entropy source...[0m
[0;32mI (253) cpu_start: Multicore app[0m
[0;32mI (254) cpu_start: Pro cpu up.[0m
[0;32mI (254) cpu_start: Starting app cpu, entry point is 0x40081294[0m
[0;32mI (244) cpu_start: App cpu up.[0m
[0;32mI (274) cpu_start: Pro cpu start user code[0m
[0;32mI (274) cpu_start: cpu freq: 160000000 Hz[0m
[0;32mI (274) cpu_start: Application information:[0m
[0;32mI (279) cpu_start: Project name:     mpu_test[0m
[0;32mI (284) cpu_start: App version:      v2.2-68-g803db2d[0m
[0;32mI (289) cpu_start: Compile time:     Aug 17 2024 10:42:46[0m
[0;32mI (295) cpu_start: ELF file SHA256:  84a6f27edaf2d49f...[0m
[0;32mI (301) cpu_start: ESP-IDF:          v5.1.4[0m
[0;32mI (306) cpu_start: Min chip rev:     v0.0[0m
[0;32mI (311) cpu_start: Max chip rev:     v3.99 [0m
[0;32mI (316) cpu_start: Chip rev:         v3.1[0m
[0;32mI (321) heap_init: Initializing. RAM available for dynamic allocation:[0m
[0;32mI (328) heap_init: At 3FFAE6E0 len 00001920 (6 KiB): DRAM[0m
[0;32mI (334) heap_init: At 3FFBBF18 len 000240E8 (144 KiB): DRAM[0m
[0;32mI (340) heap_init: At 3FFE0440 len 00003AE0 (14 KiB): D/IRAM[0m
[0;32mI (346) heap_init: At 3FFE4350 len 0001BCB0 (111 KiB): D/IRAM[0m
[0;32mI (353) heap_init: At 4008D740 len 000128C0 (74 KiB): IRAM[0m
[0;32mI (361) spi_flash: detected chip: generic[0m
[0;32mI (364) spi_flash: flash io: dio[0m
[0;33mW (368) spi_flash: Detected size(4096k) larger than the size in the binary image header(2048k). Using the size in the binary image header.[0m
[0;32mI (381) app_start: Starting scheduler on CPU0[0m
[0;32mI (386) app_start: Starting scheduler on CPU1[0m
[0;32mI (386) main_task: Started on CPU0[0m
[0;32mI (396) main_task: Calling app_main()[0m
[0;32mI (396) main_task: Returned from app_main()[0m
[0;31mE (396) i2cdev: Could not write to device [0x3c at 1]: -1 (ESP_FAIL)[0m

assert failed: ssd1306_init lvgl_helpers.c:71 (0 == err)


Backtrace: 0x400818fa:0x3ffbfd20 0x40086ad5:0x3ffbfd40 0x4008c389:0x3ffbfd60 0x400d6742:0x3ffbfe80 0x400d6489:0x3ffbfeb0 0x400d5e38:0x3ffbfed0 0x400891d1:0x3ffbff10




ELF file SHA256: 84a6f27edaf2d49f

Rebooting...
ets Jul 29 2019 12:21:46

rst:0xc (SW_CPU_RESET),boot:0x12 (SPI_FAST_FLASH_BOOT)
configsip: 0, SPIWP:0xee
clk_drv:0x00,q_drv:0x00,d_drv:0x00,cs0_drv:0x00,hd_drv:0x00,wp_drv:0x00
mode:DIO, clock div:2
load:0x3fff0030,len:7112
load:0x40078000,len:15624
load:0x40080400,len:4
load:0x40080404,len:3876
entry 0x4008064c
[0;32mI (29) boot: ESP-IDF v5.1.4 2nd stage bootloader[0m
[0;32mI (29) boot: compile time Aug 17 2024 10:42:55[0m
[0;32mI (29) boot: Multicore bootloader[0m
[0;32mI (33) boot: chip revision: v3.1[0m
[0;32mI (37) boot.esp32: SPI Speed      : 40MHz[0m
[0;32mI (42) boot.esp32: SPI Mode       : DIO[0m
[0;32mI (46) boot.esp32: SPI Flash Size : 2MB[0m
[0;32mI (51) boot: Enabling RNG early entropy source...[0m
[0;32mI (56) boot: Partition Table:[0m
[0;32mI (60) boot: ## Label            Usage          Type ST Offset   Length[0m
[0;32mI (67) boot:  0 nvs              WiFi data        01 02 00009000 00006000[0m
[0;32mI (75) boot:  1 phy_init         RF data          01 01 0000f000 00001000[0m
[0;32mI (82) boot:  2 factory          factory app      00 00 00010000 00100000[0m
[0;32mI (90) boot: End of partition table[0m
[0;32mI (94) esp_image: segment 0: paddr=00010020 vaddr=3f400020 size=0f200h ( 61952) map[0m
[0;32mI (125) esp_image: segment 1: paddr=0001f228 vaddr=3ffb0000 size=00df0h (  3568) load[0m
[0;32mI (126) esp_image: segment 2: paddr=00020020 vaddr=400d0020 size=33158h (209240) map[0m
[0;32mI (206) esp_image: segment 3: paddr=00053180 vaddr=3ffb0df0 size=013d0h (  5072) load[0m
[0;32mI (208) esp_image: segment 4: paddr=00054558 vaddr=40080000 size=0d740h ( 55104) load[0m
[0;32mI (242) boot: Loaded app from partition at offset 0x10000[0m
[0;32mI (242) boot: Disabling RNG early entropy source...[0m
[0;32mI (253) cpu_start: Multicore app[0m
[0;32mI (254) cpu_start: Pro cpu up.[0m
[0;32mI (254) cpu_start: Starting app cpu, entry point is 0x40081294[0m
[0;32mI (244) cpu_start: App cpu up.[0m
[0;32mI (274) cpu_start: Pro cpu start user code[0m
[0;32mI (274) cpu_start: cpu freq: 160000000 Hz[0m
[0;32mI (274) cpu_start: Application information:[0m
[0;32mI (279) cpu_start: Project name:     mpu_test[0m
[0;32mI (284) cpu_start: App version:      v2.2-68-g803db2d[0m
[0;32mI (289) cpu_start: Compile time:     Aug 17 2024 10:42:46[0m
[0;32mI (295) cpu_start: ELF file SHA256:  84a6f27edaf2d49f...[0m
[0;32mI (301) cpu_start: ESP-IDF:          v5.1.4[0m
[0;32mI (306) cpu_start: Min chip rev:     v0.0[0m
[0;32mI (311) cpu_start: Max chip rev:     v3.99 [0m
[0;32mI (316) cpu_start: Chip rev:         v3.1[0m
[0;32mI (321) heap_init: Initializing. RAM available for dynamic allocation:[0m
[0;32mI (328) heap_init: At 3FFAE6E0 len 00001920 (6 KiB): DRAM[0m
[0;32mI (334) heap_init: At 3FFBBF18 len 000240E8 (144 KiB): DRAM[0m
[0;32mI (340) heap_init: At 3FFE0440 len 00003AE0 (14 KiB): D/IRAM[0m
[0;32mI (346) heap_init: At 3FFE4350 len 0001BCB0 (111 KiB): D/IRAM[0m
[0;32mI (353) heap_init: At 4008D740 len 000128C0 (74 KiB): IRAM[0m
[0;32mI (361) spi_flash: detected chip: generic[0m
[0;32mI (364) spi_flash: flash io: dio[0m
[0;33mW (368) spi_flash: Detected size(4096k) larger than the size in the binary image header(2048k). Using the size in the binary image header.[0m
[0;32mI (381) app_start: Starting scheduler on CPU0[0m
[0;32mI (386) app_start: Starting scheduler on CPU1[0m
[0;32mI (386) main_task: Started on CPU0[0m
[0;32mI (396) main_task: Calling app_main()[0m
[0;32mI (396) main_task: Returned from app_main()[0m
[0;31mE (396) i2cdev: Could not write to device [0x3c at 1]: -1 (ESP_FAIL)[0m

assert failed: ssd1306_init lvgl_helpers.c:71 (0 == err)


Backtrace: 0x400818fa:0x3ffbfd20 0x40086ad5:0x3ffbfd40 0x4008c389:0x3ffbfd60 0x400d6742:0x3ffbfe80 0x400d6489:0x3ffbfeb0 0x400d5e38:0x3ffbfed0 0x400891d1:0x3ffbff10




ELF file SHA256: 84a6f27edaf2d49f

Rebooting...
ets Jul 29 2019 12:21:46

rst:0xc (SW_CPU_RESET),boot:0x12 (SPI_FAST_FLASH_BOOT)
configsip: 0, SPIWP:0xee
clk_drv:0x00,q_drv:0x00,d_drv:0x00,cs0_drv:0x00,hd_drv:0x00,wp_drv:0x00
mode:DIO, clock div:2
load:0x3fff0030,len:7112
load:0x40078000,len:15624
load:0x40080400,len:4
load:0x40080404,len:3876
entry 0x4008064c
[0;32mI (29) boot: ESP-IDF v5.1.4 2nd stage bootloader[0m
[0;32mI (29) boot: compile time Aug 17 2024 10:42:55[0m
[0;32mI (29) boot: Multicore bootloader[0m
[0;32mI (33) boot: chip revision: v3.1[0m
[0;32mI (37) boot.esp32: SPI Speed      : 40MHz[0m
[0;32mI (42) boot.esp32: SPI Mode       : DIO[0m
[0;32mI (46) boot.esp32: SPI Flash Size : 2MB[0m
[0;32mI (51) boot: Enabling RNG early entropy source...[0m
[0;32mI (56) boot: Partition Table:[0m
[0;32mI (60) boot: ## Label            Usage          Type ST Offset   Length[0m
[0;32mI (67) boot:  0 nvs              WiFi data        01 02 00009000 00006000[0m
[0;32mI (75) boot:  1 phy_init         RF data          01 01 0000f000 00001000[0m
[0;32mI (82) boot:  2 factory          factory app      00 00 00010000 00100000[0m
[0;32mI (90) boot: End of partition table[0m
[0;32mI (94) esp_image: segment 0: paddr=00010020 vaddr=3f400020 size=0f200h ( 61952) map[0m
[0;32mI (125) esp_image: segment 1: paddr=0001f228 vaddr=3ffb0000 size=00df0h (  3568) load[0m
[0;32mI (126) esp_image: segment 2: paddr=00020020 vaddr=400d0020 size=33158h (209240) map[0m
[0;32mI (206) esp_image: segment 3: paddr=00053180 vaddr=3ffb0df0 size=013d0h (  5072) load[0m
[0;32mI (208) esp_image: segment 4: paddr=00054558 vaddr=40080000 size=0d740h ( 55104) load[0m
[0;32mI (242) boot: Loaded app from partition at offset 0x10000[0m
[0;32mI (242) boot: Disabling RNG early entropy source...[0m
[0;32mI (253) cpu_start: Multicore app[0m
[0;32mI (254) cpu_start: Pro cpu up.[0m
[0;32mI (254) cpu_start: Starting app cpu, entry point is 0x40081294[0m
[0;32mI (244) cpu_start: App cpu up.[0m
[0;32mI (274) cpu_start: Pro cpu start user code[0m
[0;32mI (274) cpu_start: cpu freq: 160000000 Hz[0m
[0;32mI (274) cpu_start: Application information:[0m
[0;32mI (279) cpu_start: Project name:     mpu_test[0m
[0;32mI (284) cpu_start: App version:      v2.2-68-g803db2d[0m
[0;32mI (289) cpu_start: Compile time:     Aug 17 2024 10:42:46[0m
[0;32mI (295) cpu_start: ELF file SHA256:  84a6f27edaf2d49f...[0m
[0;32mI (301) cpu_start: ESP-IDF:          v5.1.4[0m
[0;32mI (306) cpu_start: Min chip rev:     v0.0[0m
[0;32mI (311) cpu_start: Max chip rev:     v3.99 [0m
[0;32mI (316) cpu_start: Chip rev:         v3.1[0m
[0;32mI (321) heap_init: Initializing. RAM available for dynamic allocation:[0m
[0;32mI (328) heap_init: At 3FFAE6E0 len 00001920 (6 KiB): DRAM[0m
[0;32mI (334) heap_init: At 3FFBBF18 len 000240E8 (144 KiB): DRAM[0m
[0;32mI (340) heap_init: At 3FFE0440 len 00003AE0 (14 KiB): D/IRAM[0m
[0;32mI (346) heap_init: At 3FFE4350 len 0001BCB0 (111 KiB): D/IRAM[0m
[0;32mI (353) heap_init: At 4008D740 len 000128C0 (74 KiB): IRAM[0m
[0;32mI (361) spi_flash: detected chip: generic[0m
[0;32mI (364) spi_flash: flash io: dio[0m
[0;33mW (368) spi_flash: Detected size(4096k) larger than the size in the binary image header(2048k). Using the size in the binary image header.[0m
[0;32mI (381) app_start: Starting scheduler on CPU0[0m
[0;32mI (386) app_start: Starting scheduler on CPU1[0m
[0;32mI (386) main_task: Started on CPU0[0m
[0;32mI (396) main_task: Calling app_main()[0m
[0;32mI (396) main_task: Returned from app_main()[0m
[0;31mE (396) i2cdev: Could not write to device [0x3c at 1]: -1 (ESP_FAIL)[0m

assert failed: ssd1306_init lvgl_helpers.c:71 (0 == err)


Backtrace: 0x400818fa:0x3ffbfd20 0x40086ad5:0x3ffbfd40 0x4008c389:0x3ffbfd60 0x400d6742:0x3ffbfe80 0x400d6489:0x3ffbfeb0 0x400d5e38:0x3ffbfed0 0x400891d1:0x3ffbff10




ELF file SHA256: 84a6f27edaf2d49f

Rebooting...
ets Jul 29 2019 12:21:46

rst:0xc (SW_CPU_RESET),boot:0x12 (SPI_FAST_FLASH_BOOT)
configsip: 0, SPIWP:0xee
clk_drv:0x00,q_drv:0x00,d_drv:0x00,cs0_drv:0x00,hd_drv:0x00,wp_drv:0x00
mode:DIO, clock div:2
load:0x3fff0030,len:7112
load:0x40078000,len:15624
load:0x40080400,len:4
load:0x40080404,len:3876
entry 0x4008064c
[0;32mI (29) boot: ESP-IDF v5.1.4 2nd stage bootloader[0m
[0;32mI (29) boot: compile time Aug 17 2024 10:42:55[0m
[0;32mI (29) boot: Multicore bootloader[0m
[0;32mI (33) boot: chip revision: v3.1[0m
[0;32mI (37) boot.esp32: SPI Speed      : 40MHz[0m
[0;32mI (42) boot.esp32: SPI Mode       : DIO[0m
[0;32mI (46) boot.esp32: SPI Flash Size : 2MB[0m
[0;32mI (51) boot: Enabling RNG early entropy source...[0m
[0;32mI (56) boot: Partition Table:[0m
[0;32mI (60) boot: ## Label            Usage          Type ST Offset   Length[0m
[0;32mI (67) boot:  0 nvs              WiFi data        01 02 00009000 00006000[0m
[0;32mI (75) boot:  1 phy_init         RF data          01 01 0000f000 00001000[0m
[0;32mI (82) boot:  2 factory          factory app      00 00 00010000 00100000[0m
[0;32mI (90) boot: End of partition table[0m
[0;32mI (94) esp_image: segment 0: paddr=00010020 vaddr=3f400020 size=0f200h ( 61952) map[0m
[0;32mI (125) esp_image: segment 1: paddr=0001f228 vaddr=3ffb0000 size=00df0h (  3568) load[0m
[0;32mI (126) esp_image: segment 2: paddr=00020020 vaddr=400d0020 size=33158h (209240) map[0m
[0;32mI (206) esp_image: segment 3: paddr=00053180 vaddr=3ffb0df0 size=013d0h (  5072) load[0m
[0;32mI (208) esp_image: segment 4: paddr=00054558 vaddr=40080000 size=0d740h ( 55104) load[0m
[0;32mI (242) boot: Loaded app from partition at offset 0x10000[0m
[0;32mI (242) boot: Disabling RNG early entropy source...[0m
[0;32mI (253) cpu_start: Multicore app[0m
[0;32mI (254) cpu_start: Pro cpu up.[0m
[0;32mI (254) cpu_start: Starting app cpu, entry point is 0x40081294[0m
[0;32mI (244) cpu_start: App cpu up.[0m
[0;32mI (274) cpu_start: Pro cpu start user code[0m
[0;32mI (274) cpu_start: cpu freq: 160000000 Hz[0m
[0;32mI (274) cpu_start: Application information:[0m
[0;32mI (279) cpu_start: Project name:     mpu_test[0m
[0;32mI (284) cpu_start: App version:      v2.2-68-g803db2d[0m
[0;32mI (289) cpu_start: Compile time:     Aug 17 2024 10:42:46[0m
[0;32mI (295) cpu_start: ELF file SHA256:  84a6f27edaf2d49f...[0m
[0;32mI (301) cpu_start: ESP-IDF:          v5.1.4[0m
[0;32mI (306) cpu_start: Min chip rev:     v0.0[0m
[0;32mI (311) cpu_start: Max chip rev:     v3.99 [0m
[0;32mI (316) cpu_start: Chip rev:         v3.1[0m
[0;32mI (321) heap_init: Initializing. RAM available for dynamic allocation:[0m
[0;32mI (328) heap_init: At 3FFAE6E0 len 00001920 (6 KiB): DRAM[0m
[0;32mI (334) heap_init: At 3FFBBF18 len 000240E8 (144 KiB): DRAM[0m
[0;32mI (340) heap_init: At 3FFE0440 len 00003AE0 (14 KiB): D/IRAM[0m
[0;32mI (346) heap_init: At 3FFE4350 len 0001BCB0 (111 KiB): D/IRAM[0m
[0;32mI (353) heap_init: At 4008D740 len 000128C0 (74 KiB): IRAM[0m
[0;32mI (361) spi_flash: detected chip: generic[0m
[0;32mI (364) spi_flash: flash io: dio[0m
[0;33mW (368) spi_flash: Detected size(4096k) larger than the size in the binary image header(2048k). Using the size in the binary image header.[0m
[0;32mI (381) app_start: Starting scheduler on CPU0[0m
[0;32mI (386) app_start: Starting scheduler on CPU1[0m
[0;32mI (386) main_task: Started on CPU0[0m
[0;32mI (396) main_task: Calling app_main()[0m
[0;32mI (396) main_task: Returned from app_main()[0m
[0;31mE (396) i2cdev: Could not write to device [0x3c at 1]: -1 (ESP_FAIL)[0m

assert failed: ssd1306_init lvgl_helpers.c:71 (0 == err)


Backtrace: 0x400818fa:0x3ffbfd20 0x40086ad5:0x3ffbfd40 0x4008c389:0x3ffbfd60 0x400d6742:0x3ffbfe80 0x400d6489:0x3ffbfeb0 0x400d5e38:0x3ffbfed0 0x400891d1:0x3ffbff10




ELF file SHA256: 84a6f27edaf2d49f

Rebooting...
ets Jul 29 2019 12:21:46

rst:0xc (SW_CPU_RESET),boot:0x12 (SPI_FAST_FLASH_BOOT)
configsip: 0, SPIWP:0xee
clk_drv:0x00,q_drv:0x00,d_drv:0x00,cs0_drv:0x00,hd_drv:0x00,wp_drv:0x00
mode:DIO, clock div:2
load:0x3fff0030,len:7112
load:0x40078000,len:15624
load:0x40080400,len:4
load:0x40080404,len:3876
entry 0x4008064c
[0;32mI (29) boot: ESP-IDF v5.1.4 2nd stage bootloader[0m
[0;32mI (29) boot: compile time Aug 17 2024 10:42:55[0m
[0;32mI (29) boot: Multicore bootloader[0m
[0;32mI (33) boot: chip revision: v3.1[0m
[0;32mI (37) boot.esp32: SPI Speed      : 40MHz[0m
[0;32mI (42) boot.esp32: SPI Mode       : DIO[0m
[0;32mI (46) boot.esp32: SPI Flash Size : 2MB[0m
[0;32mI (51) boot: Enabling RNG early entropy source...[0m
[0;32mI (56) boot: Partition Table:[0m
[0;32mI (60) boot: ## Label            Usage          Type ST Offset   Length[0m
[0;32mI (67) boot:  0 nvs              WiFi data        01 02 00009000 00006000[0m
[0;32mI (75) boot:  1 phy_init         RF data          01 01 0000f000 00001000[0m
[0;32mI (82) boot:  2 factory          factory app      00 00 00010000 00100000[0m
[0;32mI (90) boot: End of partition table[0m
[0;32mI (94) esp_image: segment 0: paddr=00010020 vaddr=3f400020 size=0f200h ( 61952) map[0m
[0;32mI (125) esp_image: segment 1: paddr=0001f228 vaddr=3ffb0000 size=00df0h (  3568) load[0m
[0;32mI (126) esp_image: segment 2: paddr=00020020 vaddr=400d0020 size=33158h (209240) map[0m
[0;32mI (206) esp_image: segment 3: paddr=00053180 vaddr=3ffb0df0 size=013d0h (  5072) load[0m
[0;32mI (208) esp_image: segment 4: paddr=00054558 vaddr=40080000 size=0d740h ( 55104) load[0m
[0;32mI (242) boot: Loaded app from partition at offset 0x10000[0m
[0;32mI (242) boot: Disabling RNG early entropy source...[0m
[0;32mI (253) cpu_start: Multicore app[0m
[0;32mI (254) cpu_start: Pro cpu up.[0m
[0;32mI (254) cpu_start: Starting app cpu, entry point is 0x40081294[0m
[0;32mI (244) cpu_start: App cpu up.[0m
[0;32mI (274) cpu_start: Pro cpu start user code[0m
[0;32mI (274) cpu_start: cpu freq: 160000000 Hz[0m
[0;32mI (274) cpu_start: Application information:[0m
[0;32mI (279) cpu_start: Project name:     mpu_test[0m
[0;32mI (284) cpu_start: App version:      v2.2-68-g803db2d[0m
[0;32mI (289) cpu_start: Compile time:     Aug 17 2024 10:42:46[0m
[0;32mI (295) cpu_start: ELF file SHA256:  84a6f27edaf2d49f...[0m
[0;32mI (301) cpu_start: ESP-IDF:          v5.1.4[0m
[0;32mI (306) cpu_start: Min chip rev:     v0.0[0m
[0;32mI (311) cpu_start: Max chip rev:     v3.99 [0m
[0;32mI (316) cpu_start: Chip rev:         v3.1[0m
[0;32mI (321) heap_init: Initializing. RAM available for dynamic allocation:[0m
[0;32mI (328) heap_init: At 3FFAE6E0 len 00001920 (6 KiB): DRAM[0m
[0;32mI (334) heap_init: At 3FFBBF18 len 000240E8 (144 KiB): DRAM[0m
[0;32mI (340) heap_init: At 3FFE0440 len 00003AE0 (14 KiB): D/IRAM[0m
[0;32mI (346) heap_init: At 3FFE4350 len 0001BCB0 (111 KiB): D/IRAM[0m
[0;32mI (353) heap_init: At 4008D740 len 000128C0 (74 KiB): IRAM[0m
[0;32mI (361) spi_flash: detected chip: generic[0m
[0;32mI (364) spi_flash: flash io: dio[0m
[0;33mW (368) spi_flash: Detected size(4096k) larger than the size in the binary image header(2048k). Using the size in the binary image header.[0m
[0;32mI (381) app_start: Starting scheduler on CPU0[0m
[0;32mI (386) app_start: Starting scheduler on CPU1[0m
[0;32mI (386) main_task: Started on CPU0[0m
[0;32mI (396) main_task: Calling app_main()[0m
[0;32mI (396) main_task: Returned from app_main()[0m
[0;31mE (396) i2cdev: Could not write to device [0x3c at 1]: -1 (ESP_FAIL)[0m

assert failed: ssd1306_init lvgl_helpers.c:71 (0 == err)


Backtrace: 0x400818fa:0x3ffbfd20 0x40086ad5:0x3ffbfd40 0x4008c389:0x3ffbfd60 0x400d6742:0x3ffbfe80 0x400d6489:0x3ffbfeb0 0x400d5e38:0x3ffbfed0 0x400891d1:0x3ffbff10




ELF file SHA256: 84a6f27edaf2d49f

Rebooting...
ets Jul 29 2019 12:21:46

rst:0xc (SW_CPU_RESET),boot:0x12 (SPI_FAST_FLASH_BOOT)
configsip: 0, SPIWP:0xee
clk_drv:0x00,q_drv:0x00,d_drv:0x00,cs0_drv:0x00,hd_drv:0x00,wp_drv:0x00
mode:DIO, clock div:2
load:0x3fff0030,len:7112
load:0x40078000,len:15624
load:0x40080400,len:4
load:0x40080404,len:3876
entry 0x4008064c
[0;32mI (29) boot: ESP-IDF v5.1.4 2nd stage bootloader[0m
[0;32mI (29) boot: compile time Aug 17 2024 10:42:55[0m
[0;32mI (29) boot: Multicore bootloader[0m
[0;32mI (33) boot: chip revision: v3.1[0m
[0;32mI (37) boot.esp32: SPI Speed      : 40MHz[0m
[0;32mI (42) boot.esp32: SPI Mode       : DIO[0m
[0;32mI (46) boot.esp32: SPI Flash Size : 2MB[0m
[0;32mI (51) boot: Enabling RNG early entropy source...[0m
[0;32mI (56) boot: Partition Table:[0m
[0;32mI (60) boot: ## Label            Usage          Type ST Offset   Length[0m
[0;32mI (67) boot:  0 nvs              WiFi data        01 02 00009000 00006000[0m
[0;32mI (75) boot:  1 phy_init         RF data          01 01 0000f000 00001000[0m
[0;32mI (82) boot:  2 factory          factory app      00 00 00010000 00100000[0m
[0;32mI (90) boot: End of partition table[0m
[0;32mI (94) esp_image: segment 0: paddr=00010020 vaddr=3f400020 size=0f200h ( 61952) map[0m
[0;32mI (125) esp_image: segment 1: paddr=0001f228 vaddr=3ffb0000 size=00df0h (  3568) load[0m
[0;32mI (126) esp_image: segment 2: paddr=00020020 vaddr=400d0020 size=33158h (209240) map[0m
[0;32mI (206) esp_image: segment 3: paddr=00053180 vaddr=3ffb0df0 size=013d0h (  5072) load[0m
[0;32mI (208) esp_image: segment 4: paddr=00054558 vaddr=40080000 size=0d740h ( 55104) load[0m
[0;32mI (242) boot: Loaded app from partition at offset 0x10000[0m
[0;32mI (242) boot: Disabling RNG early entropy source...[0m
[0;32mI (253) cpu_start: Multicore app[0m
[0;32mI (254) cpu_start: Pro cpu up.[0m
[0;32mI (254) cpu_start: Starting app cpu, entry point is 0x40081294[0m
[0;32mI (244) cpu_start: App cpu up.[0m
[0;32mI (274) cpu_start: Pro cpu start user code[0m
[0;32mI (274) cpu_start: cpu freq: 160000000 Hz[0m
[0;32mI (274) cpu_start: Application information:[0m
[0;32mI (279) cpu_start: Project name:     mpu_test[0m
[0;32mI (284) cpu_start: App version:      v2.2-68-g803db2d[0m
[0;32mI (289) cpu_start: Compile time:     Aug 17 2024 10:42:46[0m
[0;32mI (295) cpu_start: ELF file SHA256:  84a6f27edaf2d49f...[0m
[0;32mI (301) cpu_start: ESP-IDF:          v5.1.4[0m
[0;32mI (306) cpu_start: Min chip rev:     v0.0[0m
[0;32mI (311) cpu_start: Max chip rev:     v3.99 [0m
[0;32mI (316) cpu_start: Chip rev:         v3.1[0m
[0;32mI (321) heap_init: Initializing. RAM available for dynamic allocation:[0m
[0;32mI (328) heap_init: At 3FFAE6E0 len 00001920 (6 KiB): DRAM[0m
[0;32mI (334) heap_init: At 3FFBBF18 len 000240E8 (144 KiB): DRAM[0m
[0;32mI (340) heap_init: At 3FFE0440 len 00003AE0 (14 KiB): D/IRAM[0m
[0;32mI (346) heap_init: At 3FFE4350 len 0001BCB0 (111 KiB): D/IRAM[0m
[0;32mI (353) heap_init: At 4008D740 len 000128C0 (74 KiB): IRAM[0m
[0;32mI (361) spi_flash: detected chip: generic[0m
[0;32mI (364) spi_flash: flash io: dio[0m
[0;33mW (368) spi_flash: Detected size(4096k) larger than the size in the binary image header(2048k). Using the size in the binary image header.[0m
[0;32mI (381) app_start: Starting scheduler on CPU0[0m
[0;32mI (386) app_start: Starting scheduler on CPU1[0m
[0;32mI (386) main_task: Started on CPU0[0m
[0;32mI (396) main_task: Calling app_main()[0m
[0;32mI (396) main_task: Returned from app_main()[0m
[0;31mE (396) i2cdev: Could not write to device [0x3c at 1]: -1 (ESP_FAIL)[0m

assert failed: ssd1306_init lvgl_helpers.c:71 (0 == err)


Backtrace: 0x400818fa:0x3ffbfd20 0x40086ad5:0x3ffbfd40 0x4008c389:0x3ffbfd60 0x400d6742:0x3ffbfe80 0x400d6489:0x3ffbfeb0 0x400d5e38:0x3ffbfed0 0x400891d1:0x3ffbff10




ELF file SHA256: 84a6f27edaf2d49f

Rebooting...
ets Jul 29 2019 12:21:46

rst:0xc (SW_CPU_RESET),boot:0x12 (SPI_FAST_FLASH_BOOT)
configsip: 0, SPIWP:0xee
clk_drv:0x00,q_drv:0x00,d_drv:0x00,cs0_drv:0x00,hd_drv:0x00,wp_drv:0x00
mode:DIO, clock div:2
load:0x3fff0030,len:7112
load:0x40078000,len:15624
load:0x40080400,len:4
load:0x40080404,len:3876
entry 0x4008064c
[0;32mI (29) boot: ESP-IDF v5.1.4 2nd stage bootloader[0m
[0;32mI (29) boot: compile time Aug 17 2024 10:42:55[0m
[0;32mI (29) boot: Multicore bootloader[0m
[0;32mI (33) boot: chip revision: v3.1[0m
[0;32mI (37) boot.esp32: SPI Speed      : 40MHz[0m
[0;32mI (42) boot.esp32: SPI Mode       : DIO[0m
[0;32mI (46) boot.esp32: SPI Flash Size : 2MB[0m
[0;32mI (51) boot: Enabling RNG early entropy source...[0m
[0;32mI (56) boot: Partition Table:[0m
[0;32mI (60) boot: ## Label            Usage          Type ST Offset   Length[0m
[0;32mI (67) boot:  0 nvs              WiFi data        01 02 00009000 00006000[0m
[0;32mI (75) boot:  1 phy_init         RF data          01 01 0000f000 00001000[0m
[0;32mI (82) boot:  2 factory          factory app      00 00 00010000 00100000[0m
[0;32mI (90) boot: End of partition table[0m
[0;32mI (94) esp_image: segment 0: paddr=00010020 vaddr=3f400020 size=0f200h ( 61952) map[0m
[0;32mI (125) esp_image: segment 1: paddr=0001f228 vaddr=3ffb0000 size=00df0h (  3568) load[0m
[0;32mI (126) esp_image: segment 2: paddr=00020020 vaddr=400d0020 size=33158h (209240) map[0m
[0;32mI (206) esp_image: segment 3: paddr=00053180 vaddr=3ffb0df0 size=013d0h (  5072) load[0m
[0;32mI (208) esp_image: segment 4: paddr=00054558 vaddr=40080000 size=0d740h ( 55104) load[0m
[0;32mI (242) boot: Loaded app from partition at offset 0x10000[0m
[0;32mI (242) boot: Disabling RNG early entropy source...[0m
[0;32mI (253) cpu_start: Multicore app[0m
[0;32mI (254) cpu_start: Pro cpu up.[0m
[0;32mI (254) cpu_start: Starting app cpu, entry point is 0x40081294[0m
[0;32mI (244) cpu_start: App cpu up.[0m
[0;32mI (274) cpu_start: Pro cpu start user code[0m
[0;32mI (274) cpu_start: cpu freq: 160000000 Hz[0m
[0;32mI (274) cpu_start: Application information:[0m
[0;32mI (279) cpu_start: Project name:     mpu_test[0m
[0;32mI (284) cpu_start: App version:      v2.2-68-g803db2d[0m
[0;32mI (289) cpu_start: Compile time:     Aug 17 2024 10:42:46[0m
[0;32mI (295) cpu_start: ELF file SHA256:  84a6f27edaf2d49f...[0m
[0;32mI (301) cpu_start: ESP-IDF:          v5.1.4[0m
[0;32mI (306) cpu_start: Min chip rev:     v0.0[0m
[0;32mI (311) cpu_start: Max chip rev:     v3.99 [0m
[0;32mI (316) cpu_start: Chip rev:         v3.1[0m
[0;32mI (321) heap_init: Initializing. RAM available for dynamic allocation:[0m
[0;32mI (328) heap_init: At 3FFAE6E0 len 00001920 (6 KiB): DRAM[0m
[0;32mI (334) heap_init: At 3FFBBF18 len 000240E8 (144 KiB): DRAM[0m
[0;32mI (340) heap_init: At 3FFE0440 len 00003AE0 (14 KiB): D/IRAM[0m
[0;32mI (346) heap_init: At 3FFE4350 len 0001BCB0 (111 KiB): D/IRAM[0m
[0;32mI (353) heap_init: At 4008D740 len 000128C0 (74 KiB): IRAM[0m
[0;32mI (361) spi_flash: detected chip: generic[0m
[0;32mI (364) spi_flash: flash io: dio[0m
[0;33mW (368) spi_flash: Detected size(4096k) larger than the size in the binary image header(2048k). Using the size in the binary image header.[0m
[0;32mI (381) app_start: Starting scheduler on CPU0[0m
[0;32mI (386) app_start: Starting scheduler on CPU1[0m
[0;32mI (386) main_task: Started on CPU0[0m
[0;32mI (396) main_task: Calling app_main()[0m
[0;32mI (396) main_task: Returned from app_main()[0m
[0;31mE (396) i2cdev: Could not write to device [0x3c at 1]: -1 (ESP_FAIL)[0m

assert failed: ssd1306_init lvgl_helpers.c:71 (0 == err)


Backtrace: 0x400818fa:0x3ffbfd20 0x40086ad5:0x3ffbfd40 0x4008c389:0x3ffbfd60 0x400d6742:0x3ffbfe80 0x400d6489:0x3ffbfeb0 0x400d5e38:0x3ffbfed0 0x400891d1:0x3ffbff10




ELF file SHA256: 84a6f27edaf2d49f

Rebooting...
ets Jul 29 2019 12:21:46

rst:0xc (SW_CPU_RESET),boot:0x12 (SPI_FAST_FLASH_BOOT)
configsip: 0, SPIWP:0xee
clk_drv:0x00,q_drv:0x00,d_drv:0x00,cs0_drv:0x00,hd_drv:0x00,wp_drv:0x00
mode:DIO, clock div:2
load:0x3fff0030,len:7112
load:0x40078000,len:15624
load:0x40080400,len:4
load:0x40080404,len:3876
entry 0x4008064c
[0;32mI (29) boot: ESP-IDF v5.1.4 2nd stage bootloader[0m
[0;32mI (29) boot: compile time Aug 17 2024 10:42:55[0m
[0;32mI (29) boot: Multicore bootloader[0m
[0;32mI (33) boot: chip revision: v3.1[0m
[0;32mI (37) boot.esp32: SPI Speed      : 40MHz[0m
[0;32mI (42) boot.esp32: SPI Mode       : DIO[0m
[0;32mI (46) boot.esp32: SPI Flash Size : 2MB[0m
[0;32mI (51) boot: Enabling RNG early entropy source...[0m
[0;32mI (56) boot: Partition Table:[0m
[0;32mI (60) boot: ## Label            Usage          Type ST Offset   Length[0m
[0;32mI (67) boot:  0 nvs              WiFi data        01 02 00009000 00006000[0m
[0;32mI (75) boot:  1 phy_init         RF data          01 01 0000f000 00001000[0m
[0;32mI (82) boot:  2 factory          factory app      00 00 00010000 00100000[0m
[0;32mI (90) boot: End of partition table[0m
[0;32mI (94) esp_image: segment 0: paddr=00010020 vaddr=3f400020 size=0f200h ( 61952) map[0m
[0;32mI (125) esp_image: segment 1: paddr=0001f228 vaddr=3ffb0000 size=00df0h (  3568) load[0m
[0;32mI (126) esp_image: segment 2: paddr=00020020 vaddr=400d0020 size=33158h (209240) map[0m
[0;32mI (206) esp_image: segment 3: paddr=00053180 vaddr=3ffb0df0 size=013d0h (  5072) load[0m
[0;32mI (208) esp_image: segment 4: paddr=00054558 vaddr=40080000 size=0d740h ( 55104) load[0m
[0;32mI (242) boot: Loaded app from partition at offset 0x10000[0m
[0;32mI (242) boot: Disabling RNG early entropy source...[0m
[0;32mI (253) cpu_start: Multicore app[0m
[0;32mI (254) cpu_start: Pro cpu up.[0m
[0;32mI (254) cpu_start: Starting app cpu, entry point is 0x40081294[0m
[0;32mI (244) cpu_start: App cpu up.[0m
[0;32mI (274) cpu_start: Pro cpu start user code[0m
[0;32mI (274) cpu_start: cpu freq: 160000000 Hz[0m
[0;32mI (274) cpu_start: Application information:[0m
[0;32mI (279) cpu_start: Project name:     mpu_test[0m
[0;32mI (284) cpu_start: App version:      v2.2-68-g803db2d[0m
[0;32mI (289) cpu_start: Compile time:     Aug 17 2024 10:42:46[0m
[0;32mI (295) cpu_start: ELF file SHA256:  84a6f27edaf2d49f...[0m
[0;32mI (301) cpu_start: ESP-IDF:          v5.1.4[0m
[0;32mI (306) cpu_start: Min chip rev:     v0.0[0m
[0;32mI (311) cpu_start: Max chip rev:     v3.99 [0m
[0;32mI (316) cpu_start: Chip rev:         v3.1[0m
[0;32mI (321) heap_init: Initializing. RAM available for dynamic allocation:[0m
[0;32mI (328) heap_init: At 3FFAE6E0 len 00001920 (6 KiB): DRAM[0m
[0;32mI (334) heap_init: At 3FFBBF18 len 000240E8 (144 KiB): DRAM[0m
[0;32mI (340) heap_init: At 3FFE0440 len 00003AE0 (14 KiB): D/IRAM[0m
[0;32mI (346) heap_init: At 3FFE4350 len 0001BCB0 (111 KiB): D/IRAM[0m
[0;32mI (353) heap_init: At 4008D740 len 000128C0 (74 KiB): IRAM[0m
[0;32mI (361) spi_flash: detected chip: generic[0m
[0;32mI (364) spi_flash: flash io: dio[0m
[0;33mW (368) spi_flash: Detected size(4096k) larger than the size in the binary image header(2048k). Using the size in the binary image header.[0m
[0;32mI (381) app_start: Starting scheduler on CPU0[0m
[0;32mI (386) app_start: Starting scheduler on CPU1[0m
[0;32mI (386) main_task: Started on CPU0[0m
[0;32mI (396) main_task: Calling app_main()[0m
[0;32mI (396) main_task: Returned from app_main()[0m
[0;31mE (396) i2cdev: Could not write to device [0x3c at 1]: -1 (ESP_FAIL)[0m

assert failed: ssd1306_init lvgl_helpers.c:71 (0 == err)


Backtrace: 0x400818fa:0x3ffbfd20 0x40086ad5:0x3ffbfd40 0x4008c389:0x3ffbfd60 0x400d6742:0x3ffbfe80 0x400d6489:0x3ffbfeb0 0x400d5e38:0x3ffbfed0 0x400891d1:0x3ffbff10




ELF file SHA256: 84a6f27edaf2d49f

Rebooting...
ets Jul 29 2019 12:21:46

rst:0xc (SW_CPU_RESET),boot:0x12 (SPI_FAST_FLASH_BOOT)
configsip: 0, SPIWP:0xee
clk_drv:0x00,q_drv:0x00,d_drv:0x00,cs0_drv:0x00,hd_drv:0x00,wp_drv:0x00
mode:DIO, clock div:2
load:0x3fff0030,len:7112
load:0x40078000,len:15624
load:0x40080400,len:4
load:0x40080404,len:3876
entry 0x4008064c
[0;32mI (29) boot: ESP-IDF v5.1.4 2nd stage bootloader[0m
[0;32mI (29) boot: compile time Aug 17 2024 10:42:55[0m
[0;32mI (29) boot: Multicore bootloader[0m
[0;32mI (33) boot: chip revision: v3.1[0m
[0;32mI (37) boot.esp32: SPI Speed      : 40MHz[0m
[0;32mI (42) boot.esp32: SPI Mode       : DIO[0m
[0;32mI (46) boot.esp32: SPI Flash Size : 2MB[0m
[0;32mI (51) boot: Enabling RNG early entropy source...[0m
[0;32mI (56) boot: Partition Table:[0m
[0;32mI (60) boot: ## Label            Usage          Type ST Offset   Length[0m
[0;32mI (67) boot:  0 nvs              WiFi data        01 02 00009000 00006000[0m
[0;32mI (75) boot:  1 phy_init         RF data          01 01 0000f000 00001000[0m
[0;32mI (82) boot:  2 factory          factory app      00 00 00010000 00100000[0m
[0;32mI (90) boot: End of partition table[0m
[0;32mI (94) esp_image: segment 0: paddr=00010020 vaddr=3f400020 size=0f200h ( 61952) map[0m
[0;32mI (125) esp_image: segment 1: paddr=0001f228 vaddr=3ffb0000 size=00df0h (  3568) load[0m
[0;32mI (126) esp_image: segment 2: paddr=00020020 vaddr=400d0020 size=33158h (209240) map[0m
[0;32mI (206) esp_image: segment 3: paddr=00053180 vaddr=3ffb0df0 size=013d0h (  5072) load[0m
[0;32mI (208) esp_image: segment 4: paddr=00054558 vaddr=40080000 size=0d740h ( 55104) load[0m
[0;32mI (242) boot: Loaded app from partition at offset 0x10000[0m
[0;32mI (242) boot: Disabling RNG early entropy source...[0m
[0;32mI (253) cpu_start: Multicore app[0m
[0;32mI (254) cpu_start: Pro cpu up.[0m
[0;32mI (254) cpu_start: Starting app cpu, entry point is 0x40081294[0m
[0;32mI (244) cpu_start: App cpu up.[0m
[0;32mI (274) cpu_start: Pro cpu start user code[0m
[0;32mI (274) cpu_start: cpu freq: 160000000 Hz[0m
[0;32mI (274) cpu_start: Application information:[0m
[0;32mI (279) cpu_start: Project name:     mpu_test[0m
[0;32mI (284) cpu_start: App version:      v2.2-68-g803db2d[0m
[0;32mI (289) cpu_start: Compile time:     Aug 17 2024 10:42:46[0m
[0;32mI (295) cpu_start: ELF file SHA256:  84a6f27edaf2d49f...[0m
[0;32mI (301) cpu_start: ESP-IDF:          v5.1.4[0m
[0;32mI (306) cpu_start: Min chip rev:     v0.0[0m
[0;32mI (311) cpu_start: Max chip rev:     v3.99 [0m
[0;32mI (316) cpu_start: Chip rev:         v3.1[0m
[0;32mI (321) heap_init: Initializing. RAM available for dynamic allocation:[0m
[0;32mI (328) heap_init: At 3FFAE6E0 len 00001920 (6 KiB): DRAM[0m
[0;32mI (334) heap_init: At 3FFBBF18 len 000240E8 (144 KiB): DRAM[0m
[0;32mI (340) heap_init: At 3FFE0440 len 00003AE0 (14 KiB): D/IRAM[0m
[0;32mI (346) heap_init: At 3FFE4350 len 0001BCB0 (111 KiB): D/IRAM[0m
[0;32mI (353) heap_init: At 4008D740 len 000128C0 (74 KiB): IRAM[0m
[0;32mI (361) spi_flash: detected chip: generic[0m
[0;32mI (364) spi_flash: flash io: dio[0m
[0;33mW (368) spi_flash: Detected size(4096k) larger than the size in the binary image header(2048k). Using the size in the binary image header.[0m
[0;32mI (381) app_start: Starting scheduler on CPU0[0m
[0;32mI (386) app_start: Starting scheduler on CPU1[0m
[0;32mI (386) main_task: Started on CPU0[0m
[0;32mI (396) main_task: Calling app_main()[0m
[0;32mI (396) main_task: Returned from app_main()[0m
[0;31mE (396) i2cdev: Could not write to device [0x3c at 1]: -1 (ESP_FAIL)[0m

assert failed: ssd1306_init lvgl_helpers.c:71 (0 == err)


Backtrace: 0x400818fa:0x3ffbfd20 0x40086ad5:0x3ffbfd40 0x4008c389:0x3ffbfd60 0x400d6742:0x3ffbfe80 0x400d6489:0x3ffbfeb0 0x400d5e38:0x3ffbfed0 0x400891d1:0x3ffbff10




ELF file SHA256: 84a6f27edaf2d49f

Rebooting...
ets Jul 29 2019 12:21:46

rst:0xc (SW_CPU_RESET),boot:0x12 (SPI_FAST_FLASH_BOOT)
configsip: 0, SPIWP:0xee
clk_drv:0x00,q_drv:0x00,d_drv:0x00,cs0_drv:0x00,hd_drv:0x00,wp_drv:0x00
mode:DIO, clock div:2
load:0x3fff0030,len:7112
load:0x40078000,len:15624
load:0x40080400,len:4
load:0x40080404,len:3876
entry 0x4008064c
[0;32mI (29) boot: ESP-IDF v5.1.4 2nd stage bootloader[0m
[0;32mI (29) boot: compile time Aug 17 2024 10:42:55[0m
[0;32mI (29) boot: Multicore bootloader[0m
[0;32mI (33) boot: chip revision: v3.1[0m
[0;32mI (37) boot.esp32: SPI Speed      : 40MHz[0m
[0;32mI (42) boot.esp32: SPI Mode       : DIO[0m
[0;32mI (46) boot.esp32: SPI Flash Size : 2MB[0m
[0;32mI (51) boot: Enabling RNG early entropy source...[0m
[0;32mI (56) boot: Partition Table:[0m
[0;32mI (60) boot: ## Label            Usage          Type ST Offset   Length[0m
[0;32mI (67) boot:  0 nvs              WiFi data        01 02 00009000 00006000[0m
[0;32mI (75) boot:  1 phy_init         RF data          01 01 0000f000 00001000[0m
[0;32mI (82) boot:  2 factory          factory app      00 00 00010000 00100000[0m
[0;32mI (90) boot: End of partition table[0m
[0;32mI (94) esp_image: segment 0: paddr=00010020 vaddr=3f400020 size=0f200h ( 61952) map[0m
[0;32mI (125) esp_image: segment 1: paddr=0001f228 vaddr=3ffb0000 size=00df0h (  3568) load[0m
[0;32mI (126) esp_image: segment 2: paddr=00020020 vaddr=400d0020 size=33158h (209240) map[0m
[0;32mI (206) esp_image: segment 3: paddr=00053180 vaddr=3ffb0df0 size=013d0h (  5072) load[0m
[0;32mI (208) esp_image: segment 4: paddr=00054558 vaddr=40080000 size=0d740h ( 55104) load[0m
[0;32mI (242) boot: Loaded app from partition at offset 0x10000[0m
[0;32mI (242) boot: Disabling RNG early entropy source...[0m
[0;32mI (253) cpu_start: Multicore app[0m
[0;32mI (254) cpu_start: Pro cpu up.[0m
[0;32mI (254) cpu_start: Starting app cpu, entry point is 0x40081294[0m
[0;32mI (244) cpu_start: App cpu up.[0m
[0;32mI (274) cpu_start: Pro cpu start user code[0m
[0;32mI (274) cpu_start: cpu freq: 160000000 Hz[0m
[0;32mI (274) cpu_start: Application information:[0m
[0;32mI (279) cpu_start: Project name:     mpu_test[0m
[0;32mI (284) cpu_start: App version:      v2.2-68-g803db2d[0m
[0;32mI (289) cpu_start: Compile time:     Aug 17 2024 10:42:46[0m
[0;32mI (295) cpu_start: ELF file SHA256:  84a6f27edaf2d49f...[0m
[0;32mI (301) cpu_start: ESP-IDF:          v5.1.4[0m
[0;32mI (306) cpu_start: Min chip rev:     v0.0[0m
[0;32mI (311) cpu_start: Max chip rev:     v3.99 [0m
[0;32mI (316) cpu_start: Chip rev:         v3.1[0m
[0;32mI (321) heap_init: Initializing. RAM available for dynamic allocation:[0m
[0;32mI (328) heap_init: At 3FFAE6E0 len 00001920 (6 KiB): DRAM[0m
[0;32mI (334) heap_init: At 3FFBBF18 len 000240E8 (144 KiB): DRAM[0m
[0;32mI (340) heap_init: At 3FFE0440 len 00003AE0 (14 KiB): D/IRAM[0m
[0;32mI (346) heap_init: At 3FFE4350 len 0001BCB0 (111 KiB): D/IRAM[0m
[0;32mI (353) heap_init: At 4008D740 len 000128C0 (74 KiB): IRAM[0m
[0;32mI (361) spi_flash: detected chip: generic[0m
[0;32mI (364) spi_flash: flash io: dio[0m
[0;33mW (368) spi_flash: Detected size(4096k) larger than the size in the binary image header(2048k). Using the size in the binary image header.[0m
[0;32mI (381) app_start: Starting scheduler on CPU0[0m
[0;32mI (386) app_start: Starting scheduler on CPU1[0m
[0;32mI (386) main_task: Started on CPU0[0m
[0;32mI (396) main_task: Calling app_main()[0m
[0;32mI (396) main_task: Returned from app_main()[0m
[0;31mE (396) i2cdev: Could not write to device [0x3c at 1]: -1 (ESP_FAIL)[0m

assert failed: ssd1306_init lvgl_helpers.c:71 (0 == err)


Backtrace: 0x400818fa:0x3ffbfd20 0x40086ad5:0x3ffbfd40 0x4008c389:0x3ffbfd60 0x400d6742:0x3ffbfe80 0x400d6489:0x3ffbfeb0 0x400d5e38:0x3ffbfed0 0x400891d1:0x3ffbff10




ELF file SHA256: 84a6f27edaf2d49f

Rebooting...
ets Jul 29 2019 12:21:46

rst:0xc (SW_CPU_RESET),boot:0x12 (SPI_FAST_FLASH_BOOT)
configsip: 0, SPIWP:0xee
clk_drv:0x00,q_drv:0x00,d_drv:0x00,cs0_drv:0x00,hd_drv:0x00,wp_drv:0x00
mode:DIO, clock div:2
load:0x3fff0030,len:7112
load:0x40078000,len:15624
load:0x40080400,len:4
load:0x40080404,len:3876
entry 0x4008064c
[0;32mI (29) boot: ESP-IDF v5.1.4 2nd stage bootloader[0m
[0;32mI (29) boot: compile time Aug 17 2024 10:42:55[0m
[0;32mI (29) boot: Multicore bootloader[0m
[0;32mI (33) boot: chip revision: v3.1[0m
[0;32mI (37) boot.esp32: SPI Speed      : 40MHz[0m
[0;32mI (42) boot.esp32: SPI Mode       : DIO[0m
[0;32mI (46) boot.esp32: SPI Flash Size : 2MB[0m
[0;32mI (51) boot: Enabling RNG early entropy source...[0m
[0;32mI (56) boot: Partition Table:[0m
[0;32mI (60) boot: ## Label            Usage          Type ST Offset   Length[0m
[0;32mI (67) boot:  0 nvs              WiFi data        01 02 00009000 00006000[0m
[0;32mI (75) boot:  1 phy_init         RF data          01 01 0000f000 00001000[0m
[0;32mI (82) boot:  2 factory          factory app      00 00 00010000 00100000[0m
[0;32mI (90) boot: End of partition table[0m
[0;32mI (94) esp_image: segment 0: paddr=00010020 vaddr=3f400020 size=0f200h ( 61952) map[0m
[0;32mI (125) esp_image: segment 1: paddr=0001f228 vaddr=3ffb0000 size=00df0h (  3568) load[0m
[0;32mI (126) esp_image: segment 2: paddr=00020020 vaddr=400d0020 size=33158h (209240) map[0m
[0;32mI (206) esp_image: segment 3: paddr=00053180 vaddr=3ffb0df0 size=013d0h (  5072) load[0m
[0;32mI (208) esp_image: segment 4: paddr=00054558 vaddr=40080000 size=0d740h ( 55104) load[0m
[0;32mI (242) boot: Loaded app from partition at offset 0x10000[0m
[0;32mI (242) boot: Disabling RNG early entropy source...[0m
[0;32mI (253) cpu_start: Multicore app[0m
[0;32mI (254) cpu_start: Pro cpu up.[0m
[0;32mI (254) cpu_start: Starting app cpu, entry point is 0x40081294[0m
[0;32mI (244) cpu_start: App cpu up.[0m
[0;32mI (274) cpu_start: Pro cpu start user code[0m
[0;32mI (274) cpu_start: cpu freq: 160000000 Hz[0m
[0;32mI (274) cpu_start: Application information:[0m
[0;32mI (279) cpu_start: Project name:     mpu_test[0m
[0;32mI (284) cpu_start: App version:      v2.2-68-g803db2d[0m
[0;32mI (289) cpu_start: Compile time:     Aug 17 2024 10:42:46[0m
[0;32mI (295) cpu_start: ELF file SHA256:  84a6f27edaf2d49f...[0m
[0;32mI (301) cpu_start: ESP-IDF:          v5.1.4[0m
[0;32mI (306) cpu_start: Min chip rev:     v0.0[0m
[0;32mI (311) cpu_start: Max chip rev:     v3.99 [0m
[0;32mI (316) cpu_start: Chip rev:         v3.1[0m
[0;32mI (321) heap_init: Initializing. RAM available for dynamic allocation:[0m
[0;32mI (328) heap_init: At 3FFAE6E0 len 00001920 (6 KiB): DRAM[0m
[0;32mI (334) heap_init: At 3FFBBF18 len 000240E8 (144 KiB): DRAM[0m
[0;32mI (340) heap_init: At 3FFE0440 len 00003AE0 (14 KiB): D/IRAM[0m
[0;32mI (346) heap_init: At 3FFE4350 len 0001BCB0 (111 KiB): D/IRAM[0m
[0;32mI (353) heap_init: At 4008D740 len 000128C0 (74 KiB): IRAM[0m
[0;32mI (361) spi_flash: detected chip: generic[0m
[0;32mI (364) spi_flash: flash io: dio[0m
[0;33mW (368) spi_flash: Detected size(4096k) larger than the size in the binary image header(2048k). Using the size in the binary image header.[0m
[0;32mI (381) app_start: Starting scheduler on CPU0[0m
[0;32mI (386) app_start: Starting scheduler on CPU1[0m
[0;32mI (386) main_task: Started on CPU0[0m
[0;32mI (396) main_task: Calling app_main()[0m
[0;32mI (396) main_task: Returned from app_main()[0m
[0;31mE (396) i2cdev: Could not write to device [0x3c at 1]: -1 (ESP_FAIL)[0m

assert failed: ssd1306_init lvgl_helpers.c:71 (0 == err)


Backtrace: 0x400818fa:0x3ffbfd20 0x40086ad5:0x3ffbfd40 0x4008c389:0x3ffbfd60 0x400d6742:0x3ffbfe80 0x400d6489:0x3ffbfeb0 0x400d5e38:0x3ffbfed0 0x400891d1:0x3ffbff10




ELF file SHA256: 84a6f27edaf2d49f

Rebooting...
ets Jul 29 2019 12:21:46

rst:0xc (SW_CPU_RESET),boot:0x12 (SPI_FAST_FLASH_BOOT)
configsip: 0, SPIWP:0xee
clk_drv:0x00,q_drv:0x00,d_drv:0x00,cs0_drv:0x00,hd_drv:0x00,wp_drv:0x00
mode:DIO, clock div:2
load:0x3fff0030,len:7112
load:0x40078000,len:15624
load:0x40080400,len:4
load:0x40080404,len:3876
entry 0x4008064c
[0;32mI (29) boot: ESP-IDF v5.1.4 2nd stage bootloader[0m
[0;32mI (29) boot: compile time Aug 17 2024 10:42:55[0m
